Archive member included to satisfy reference by file (symbol)

C:\siriusxm\data\workspaces\playing\AtmelLibrary\Debug\libAtmelLibrary.a(Serial.o)
                              ./OffChipMqtt.o (_ZN9HWSerial13getEv)
C:\siriusxm\data\workspaces\playing\AtmelLibrary\Debug\libAtmelLibrary.a(Timer.o)
                              ./NeoPixels.o (_Z6millisv)
C:\siriusxm\data\workspaces\playing\AtmelLibrary\Debug\libAtmelLibrary.a(utilities.o)
                              C:\siriusxm\data\workspaces\playing\AtmelLibrary\Debug\libAtmelLibrary.a(Serial.o) (_Z8strlen_EPKc)
C:\siriusxm\data\workspaces\playing\AtmelLibrary\Debug\libAtmelLibrary.a(StackChecker.o)
                              C:\siriusxm\data\workspaces\playing\AtmelLibrary\Debug\libAtmelLibrary.a(Timer.o) (_Z10TrackStackv)
c:/winavr-20100110/bin/../lib/gcc/avr/4.9.2/avr35\libgcc.a(_mulhi3.o)
                              ./NeoPixels.o (__mulhi3)
c:/winavr-20100110/bin/../lib/gcc/avr/4.9.2/avr35\libgcc.a(_udivmodhi4.o)
                              ./NeoPixelTheaterChase.o (__udivmodhi4)
c:/winavr-20100110/bin/../lib/gcc/avr/4.9.2/avr35\libgcc.a(_divmodhi4.o)
                              ./NeoPixelTheaterChase.o (__divmodhi4)
c:/winavr-20100110/bin/../lib/gcc/avr/4.9.2/avr35\libgcc.a(_udivmodsi4.o)
                              ./NeoPixels.o (__udivmodsi4)
c:/winavr-20100110/bin/../lib/gcc/avr/4.9.2/avr35\libgcc.a(_divmodsi4.o)
                              ./NeoPixels.o (__divmodsi4)
c:/winavr-20100110/bin/../lib/gcc/avr/4.9.2/avr35\libgcc.a(_negsi2.o)
                              c:/winavr-20100110/bin/../lib/gcc/avr/4.9.2/avr35\libgcc.a(_divmodsi4.o) (__negsi2)
c:/winavr-20100110/bin/../lib/gcc/avr/4.9.2/avr35\libgcc.a(_exit.o)
                              c:/winavr-20100110/bin/../lib/gcc/avr/4.9.2/../../../../avr/lib/avr35/crtatmega32u2.o (exit)
c:/winavr-20100110/bin/../lib/gcc/avr/4.9.2/avr35\libgcc.a(_copy_data.o)
                              ./NeoPixels.o (__do_copy_data)
c:/winavr-20100110/bin/../lib/gcc/avr/4.9.2/avr35\libgcc.a(_clear_bss.o)
                              ./NeoPixels.o (__do_clear_bss)
c:/winavr-20100110/bin/../lib/gcc/avr/4.9.2/avr35\libgcc.a(_ctors.o)
                              ./main.o (__do_global_ctors)
c:/winavr-20100110/bin/../lib/gcc/avr/4.9.2/avr35\libgcc.a(_mulsidi3.o)
                              ./NeoPixels.o (__umulsidi3)
c:/winavr-20100110/bin/../lib/gcc/avr/4.9.2/avr35\libgcc.a(_prologue.o)
                              c:/winavr-20100110/bin/../lib/gcc/avr/4.9.2/avr35\libgcc.a(_mulsidi3.o) (__prologue_saves__)
c:/winavr-20100110/bin/../lib/gcc/avr/4.9.2/avr35\libgcc.a(_epilogue.o)
                              c:/winavr-20100110/bin/../lib/gcc/avr/4.9.2/avr35\libgcc.a(_mulsidi3.o) (__epilogue_restores__)
c:/winavr-20100110/bin/../lib/gcc/avr/4.9.2/avr35\libgcc.a(_tablejump2.o)
                              c:/winavr-20100110/bin/../lib/gcc/avr/4.9.2/avr35\libgcc.a(_ctors.o) (__tablejump2__)
c:/winavr-20100110/bin/../lib/gcc/avr/4.9.2/avr35\libgcc.a(_muldi3.o)
                              c:/winavr-20100110/bin/../lib/gcc/avr/4.9.2/avr35\libgcc.a(_mulsidi3.o) (__muldi3)
c:/winavr-20100110/bin/../lib/gcc/avr/4.9.2/../../../../avr/lib/avr35\libc.a(random.o)
                              ./NeoPixelCandle.o (random)
c:/winavr-20100110/bin/../lib/gcc/avr/4.9.2/../../../../avr/lib/avr35\libc.a(atoi.o)
                              ./OffChipMqtt.o (atoi)
c:/winavr-20100110/bin/../lib/gcc/avr/4.9.2/../../../../avr/lib/avr35\libc.a(isprint.o)
                              ./OffChipMqtt.o (isprint)
c:/winavr-20100110/bin/../lib/gcc/avr/4.9.2/../../../../avr/lib/avr35\libc.a(isspace.o)
                              ./OffChipMqtt.o (isspace)
c:/winavr-20100110/bin/../lib/gcc/avr/4.9.2/../../../../avr/lib/avr35\libc.a(strcmp_P.o)
                              ./OffChipMqtt.o (strcmp_P)
c:/winavr-20100110/bin/../lib/gcc/avr/4.9.2/../../../../avr/lib/avr35\libc.a(strlen_P.o)
                              C:\siriusxm\data\workspaces\playing\AtmelLibrary\Debug\libAtmelLibrary.a(Serial.o) (__strlen_P)
c:/winavr-20100110/bin/../lib/gcc/avr/4.9.2/../../../../avr/lib/avr35\libc.a(strstr_P.o)
                              ./OffChipMqtt.o (strstr_P)
c:/winavr-20100110/bin/../lib/gcc/avr/4.9.2/../../../../avr/lib/avr35\libc.a(memcpy.o)
                              ./OffChipMqtt.o (memcpy)
c:/winavr-20100110/bin/../lib/gcc/avr/4.9.2/../../../../avr/lib/avr35\libc.a(memset.o)
                              ./NeoPixels.o (memset)
c:/winavr-20100110/bin/../lib/gcc/avr/4.9.2/../../../../avr/lib/avr35\libc.a(strchr.o)
                              ./OffChipMqtt.o (strchr)
c:/winavr-20100110/bin/../lib/gcc/avr/4.9.2/../../../../avr/lib/avr35\libc.a(mul10.o)
                              c:/winavr-20100110/bin/../lib/gcc/avr/4.9.2/../../../../avr/lib/avr35\libc.a(atoi.o) (__mulhi_const_10)
c:/winavr-20100110/bin/../lib/gcc/avr/4.9.2/../../../../avr/lib/avr35\libc.a(cty_isfalse.o)
                              c:/winavr-20100110/bin/../lib/gcc/avr/4.9.2/../../../../avr/lib/avr35\libc.a(isprint.o) (__ctype_isfalse)
c:/winavr-20100110/bin/../lib/gcc/avr/4.9.2/../../../../avr/lib/avr35\libatmega32u2.a(eerd_byte.o)
                              C:\siriusxm\data\workspaces\playing\AtmelLibrary\Debug\libAtmelLibrary.a(Serial.o) (eeprom_read_byte)

Discarded input sections

 .data          0x00000000        0x0 c:/winavr-20100110/bin/../lib/gcc/avr/4.9.2/../../../../avr/lib/avr35/crtatmega32u2.o
 .bss           0x00000000        0x0 c:/winavr-20100110/bin/../lib/gcc/avr/4.9.2/../../../../avr/lib/avr35/crtatmega32u2.o
 .text          0x00000000        0x0 ./Descriptors.o
 .data          0x00000000        0x0 ./Descriptors.o
 .bss           0x00000000        0x0 ./Descriptors.o
 .stab          0x00000000     0x17f4 ./Descriptors.o
 .text.CALLBACK_USB_GetDescriptor
                0x00000000       0x88 ./Descriptors.o
 .progmem.data._ZL13ProductString
                0x00000000        0x2 ./Descriptors.o
 .progmem.data._ZL18ManufacturerString
                0x00000000        0x2 ./Descriptors.o
 .progmem.data._ZL14LanguageString
                0x00000000        0x2 ./Descriptors.o
 .progmem.data._ZL23ConfigurationDescriptor
                0x00000000       0x3e ./Descriptors.o
 .progmem.data._ZL16DeviceDescriptor
                0x00000000       0x12 ./Descriptors.o
 .comment       0x00000000       0x31 ./Descriptors.o
 .text          0x00000000        0x0 ./NeoPixelCandle.o
 .data          0x00000000        0x0 ./NeoPixelCandle.o
 .bss           0x00000000        0x0 ./NeoPixelCandle.o
 .text          0x00000000        0x0 ./NeoPixelConfig.o
 .data          0x00000000        0x0 ./NeoPixelConfig.o
 .bss           0x00000000        0x0 ./NeoPixelConfig.o
 .text          0x00000000        0x0 ./NeoPixelTheaterChase.o
 .data          0x00000000        0x0 ./NeoPixelTheaterChase.o
 .bss           0x00000000        0x0 ./NeoPixelTheaterChase.o
 .text          0x00000000        0x0 ./NeoPixels.o
 .data          0x00000000        0x0 ./NeoPixels.o
 .bss           0x00000000        0x0 ./NeoPixels.o
 .text._Z8ledsetupv
                0x00000000        0x4 ./NeoPixels.o
 .text._Z4showv
                0x00000000        0xa ./NeoPixels.o
 .text._Z9colorWipehhhh
                0x00000000       0x40 ./NeoPixels.o
 .text._Z12theaterChasehhhh
                0x00000000       0xb8 ./NeoPixels.o
 .text._Z8detonatehhhj
                0x00000000       0xdc ./NeoPixels.o
 .text._Z19TwinkleStrandSinglejR13NeoPixelColorh
                0x00000000      0x2a4 ./NeoPixels.o
 .text._ZN9NeoPixels13SetPixelStateEj13NeoPixelState
                0x00000000       0x40 ./NeoPixels.o
 .text._ZN9NeoPixels13GetPixelStateEj
                0x00000000       0x2e ./NeoPixels.o
 .text._ZN9NeoPixels11initRainbowEv
                0x00000000       0x22 ./NeoPixels.o
 .text._ZN13NeoPixelColor6getRedEv
                0x00000000       0x12 ./NeoPixels.o
 .text._ZN13NeoPixelColor8getGreenEv
                0x00000000       0x12 ./NeoPixels.o
 .text._ZN13NeoPixelColor7getBlueEv
                0x00000000        0x6 ./NeoPixels.o
 .text._ZN13NeoPixelColor6setRedEh
                0x00000000       0x12 ./NeoPixels.o
 .text._ZN13NeoPixelColor8setGreenEh
                0x00000000       0x12 ./NeoPixels.o
 .text._ZN13NeoPixelColor7setBlueEh
                0x00000000        0x6 ./NeoPixels.o
 .text._Z17TwinkleStrandDualjR13NeoPixelColorS0_h
                0x00000000      0x254 ./NeoPixels.o
 .text._Z19TwinkleStrandRandomjh
                0x00000000      0x30c ./NeoPixels.o
 .text._Z13TwinkleStrandjR13NeoPixelColorS0_17NeoPixelColorModeh
                0x00000000       0x2c ./NeoPixels.o
 .text._ZN9NeoPixels13RainbowEffectEv
                0x00000000       0x1a ./NeoPixels.o
 .data._ZZL9randomizevE1b
                0x00000000        0x1 ./NeoPixels.o
 .data._ZZL9randomizevE1c
                0x00000000        0x1 ./NeoPixels.o
 .data._ZZL9randomizevE1a
                0x00000000        0x1 ./NeoPixels.o
 .data._ZZL9randomizevE1x
                0x00000000        0x1 ./NeoPixels.o
 .text          0x00000000        0x0 ./OffChipMqtt.o
 .data          0x00000000        0x0 ./OffChipMqtt.o
 .bss           0x00000000        0x0 ./OffChipMqtt.o
 .text._ZN6MyMqtt9Publish_PEPKcPc
                0x00000000       0x56 ./OffChipMqtt.o
 .progmem.data._ZZN6MyMqtt9Publish_PEPKcPcE3__c_1
                0x00000000        0x4 ./OffChipMqtt.o
 .progmem.data._ZZN6MyMqtt9Publish_PEPKcPcE3__c_0
                0x00000000        0x4 ./OffChipMqtt.o
 .progmem.data._ZZN6MyMqtt9Publish_PEPKcPcE3__c
                0x00000000        0xb ./OffChipMqtt.o
 .text          0x00000000        0x0 ./main.o
 .data          0x00000000        0x0 ./main.o
 .bss           0x00000000        0x0 ./main.o
 .bss.start     0x00000000        0x1 ./main.o
 .group         0x00000000        0x8 C:\siriusxm\data\workspaces\playing\AtmelLibrary\Debug\libAtmelLibrary.a(Serial.o)
 .group         0x00000000        0x8 C:\siriusxm\data\workspaces\playing\AtmelLibrary\Debug\libAtmelLibrary.a(Serial.o)
 .text          0x00000000        0x0 C:\siriusxm\data\workspaces\playing\AtmelLibrary\Debug\libAtmelLibrary.a(Serial.o)
 .data          0x00000000        0x0 C:\siriusxm\data\workspaces\playing\AtmelLibrary\Debug\libAtmelLibrary.a(Serial.o)
 .bss           0x00000000        0x0 C:\siriusxm\data\workspaces\playing\AtmelLibrary\Debug\libAtmelLibrary.a(Serial.o)
 .text.__cxa_pure_virtual
                0x00000000        0x2 C:\siriusxm\data\workspaces\playing\AtmelLibrary\Debug\libAtmelLibrary.a(Serial.o)
 .text._ZN9HWSerial1C2Ev
                0x00000000       0x28 C:\siriusxm\data\workspaces\playing\AtmelLibrary\Debug\libAtmelLibrary.a(Serial.o)
 .text._ZN6StreamC2Ev
                0x00000000       0x1e C:\siriusxm\data\workspaces\playing\AtmelLibrary\Debug\libAtmelLibrary.a(Serial.o)
 .text._ZN6Stream7sendStrEPKcb
                0x00000000       0x70 C:\siriusxm\data\workspaces\playing\AtmelLibrary\Debug\libAtmelLibrary.a(Serial.o)
 .text._ZN6Stream8sendDataEPKhjb
                0x00000000       0x66 C:\siriusxm\data\workspaces\playing\AtmelLibrary\Debug\libAtmelLibrary.a(Serial.o)
 .text._ZN6Stream10sendData_PEPKhjb
                0x00000000       0x68 C:\siriusxm\data\workspaces\playing\AtmelLibrary\Debug\libAtmelLibrary.a(Serial.o)
 .text._ZN6Stream9sendStr_PEPKcb
                0x00000000       0x3a C:\siriusxm\data\workspaces\playing\AtmelLibrary\Debug\libAtmelLibrary.a(Serial.o)
 .text._ZN6Stream10sendData_EEPKhjb
                0x00000000       0x6c C:\siriusxm\data\workspaces\playing\AtmelLibrary\Debug\libAtmelLibrary.a(Serial.o)
 .text._ZN6Stream9sendStr_EEPKcb
                0x00000000       0x3a C:\siriusxm\data\workspaces\playing\AtmelLibrary\Debug\libAtmelLibrary.a(Serial.o)
 .text._ZN9HWSerial14stopEv
                0x00000000        0x2 C:\siriusxm\data\workspaces\playing\AtmelLibrary\Debug\libAtmelLibrary.a(Serial.o)
 .rodata._ZTV6Stream
                0x00000000        0xc C:\siriusxm\data\workspaces\playing\AtmelLibrary\Debug\libAtmelLibrary.a(Serial.o)
 .text          0x00000000        0x0 C:\siriusxm\data\workspaces\playing\AtmelLibrary\Debug\libAtmelLibrary.a(Timer.o)
 .data          0x00000000        0x0 C:\siriusxm\data\workspaces\playing\AtmelLibrary\Debug\libAtmelLibrary.a(Timer.o)
 .bss           0x00000000        0x0 C:\siriusxm\data\workspaces\playing\AtmelLibrary\Debug\libAtmelLibrary.a(Timer.o)
 .text._Z17delayMicrosecondsj
                0x00000000       0x14 C:\siriusxm\data\workspaces\playing\AtmelLibrary\Debug\libAtmelLibrary.a(Timer.o)
 .text          0x00000000        0x0 C:\siriusxm\data\workspaces\playing\AtmelLibrary\Debug\libAtmelLibrary.a(utilities.o)
 .data          0x00000000        0x0 C:\siriusxm\data\workspaces\playing\AtmelLibrary\Debug\libAtmelLibrary.a(utilities.o)
 .bss           0x00000000        0x0 C:\siriusxm\data\workspaces\playing\AtmelLibrary\Debug\libAtmelLibrary.a(utilities.o)
 .stab          0x00000000      0x7b0 C:\siriusxm\data\workspaces\playing\AtmelLibrary\Debug\libAtmelLibrary.a(utilities.o)
                                0x7bc (size before relaxing)
 .text._Z8strlen_EPKc
                0x00000000       0x32 C:\siriusxm\data\workspaces\playing\AtmelLibrary\Debug\libAtmelLibrary.a(utilities.o)
 .text._Z8strcat_EPcPKc
                0x00000000       0x7c C:\siriusxm\data\workspaces\playing\AtmelLibrary\Debug\libAtmelLibrary.a(utilities.o)
 .text._Z8memcpy_EPvPKvj
                0x00000000       0x4a C:\siriusxm\data\workspaces\playing\AtmelLibrary\Debug\libAtmelLibrary.a(utilities.o)
 .text._Z8strcpy_EPcPKc
                0x00000000       0x60 C:\siriusxm\data\workspaces\playing\AtmelLibrary\Debug\libAtmelLibrary.a(utilities.o)
 .text._Z10hashStringPKc
                0x00000000       0x24 C:\siriusxm\data\workspaces\playing\AtmelLibrary\Debug\libAtmelLibrary.a(utilities.o)
 .comment       0x00000000       0x31 C:\siriusxm\data\workspaces\playing\AtmelLibrary\Debug\libAtmelLibrary.a(utilities.o)
 .text          0x00000000        0x0 C:\siriusxm\data\workspaces\playing\AtmelLibrary\Debug\libAtmelLibrary.a(StackChecker.o)
 .data          0x00000000        0x0 C:\siriusxm\data\workspaces\playing\AtmelLibrary\Debug\libAtmelLibrary.a(StackChecker.o)
 .bss           0x00000000        0x0 C:\siriusxm\data\workspaces\playing\AtmelLibrary\Debug\libAtmelLibrary.a(StackChecker.o)
 .text          0x00000000        0x0 c:/winavr-20100110/bin/../lib/gcc/avr/4.9.2/avr35\libgcc.a(_mulhi3.o)
 .data          0x00000000        0x0 c:/winavr-20100110/bin/../lib/gcc/avr/4.9.2/avr35\libgcc.a(_mulhi3.o)
 .bss           0x00000000        0x0 c:/winavr-20100110/bin/../lib/gcc/avr/4.9.2/avr35\libgcc.a(_mulhi3.o)
 .text.libgcc.div
                0x00000000        0x0 c:/winavr-20100110/bin/../lib/gcc/avr/4.9.2/avr35\libgcc.a(_mulhi3.o)
 .text.libgcc   0x00000000        0x0 c:/winavr-20100110/bin/../lib/gcc/avr/4.9.2/avr35\libgcc.a(_mulhi3.o)
 .text.libgcc.prologue
                0x00000000        0x0 c:/winavr-20100110/bin/../lib/gcc/avr/4.9.2/avr35\libgcc.a(_mulhi3.o)
 .text.libgcc.builtins
                0x00000000        0x0 c:/winavr-20100110/bin/../lib/gcc/avr/4.9.2/avr35\libgcc.a(_mulhi3.o)
 .text.libgcc.fmul
                0x00000000        0x0 c:/winavr-20100110/bin/../lib/gcc/avr/4.9.2/avr35\libgcc.a(_mulhi3.o)
 .text.libgcc.fixed
                0x00000000        0x0 c:/winavr-20100110/bin/../lib/gcc/avr/4.9.2/avr35\libgcc.a(_mulhi3.o)
 .text          0x00000000        0x0 c:/winavr-20100110/bin/../lib/gcc/avr/4.9.2/avr35\libgcc.a(_udivmodhi4.o)
 .data          0x00000000        0x0 c:/winavr-20100110/bin/../lib/gcc/avr/4.9.2/avr35\libgcc.a(_udivmodhi4.o)
 .bss           0x00000000        0x0 c:/winavr-20100110/bin/../lib/gcc/avr/4.9.2/avr35\libgcc.a(_udivmodhi4.o)
 .text.libgcc.mul
                0x00000000        0x0 c:/winavr-20100110/bin/../lib/gcc/avr/4.9.2/avr35\libgcc.a(_udivmodhi4.o)
 .text.libgcc   0x00000000        0x0 c:/winavr-20100110/bin/../lib/gcc/avr/4.9.2/avr35\libgcc.a(_udivmodhi4.o)
 .text.libgcc.prologue
                0x00000000        0x0 c:/winavr-20100110/bin/../lib/gcc/avr/4.9.2/avr35\libgcc.a(_udivmodhi4.o)
 .text.libgcc.builtins
                0x00000000        0x0 c:/winavr-20100110/bin/../lib/gcc/avr/4.9.2/avr35\libgcc.a(_udivmodhi4.o)
 .text.libgcc.fmul
                0x00000000        0x0 c:/winavr-20100110/bin/../lib/gcc/avr/4.9.2/avr35\libgcc.a(_udivmodhi4.o)
 .text.libgcc.fixed
                0x00000000        0x0 c:/winavr-20100110/bin/../lib/gcc/avr/4.9.2/avr35\libgcc.a(_udivmodhi4.o)
 .text          0x00000000        0x0 c:/winavr-20100110/bin/../lib/gcc/avr/4.9.2/avr35\libgcc.a(_divmodhi4.o)
 .data          0x00000000        0x0 c:/winavr-20100110/bin/../lib/gcc/avr/4.9.2/avr35\libgcc.a(_divmodhi4.o)
 .bss           0x00000000        0x0 c:/winavr-20100110/bin/../lib/gcc/avr/4.9.2/avr35\libgcc.a(_divmodhi4.o)
 .text.libgcc.mul
                0x00000000        0x0 c:/winavr-20100110/bin/../lib/gcc/avr/4.9.2/avr35\libgcc.a(_divmodhi4.o)
 .text.libgcc   0x00000000        0x0 c:/winavr-20100110/bin/../lib/gcc/avr/4.9.2/avr35\libgcc.a(_divmodhi4.o)
 .text.libgcc.prologue
                0x00000000        0x0 c:/winavr-20100110/bin/../lib/gcc/avr/4.9.2/avr35\libgcc.a(_divmodhi4.o)
 .text.libgcc.builtins
                0x00000000        0x0 c:/winavr-20100110/bin/../lib/gcc/avr/4.9.2/avr35\libgcc.a(_divmodhi4.o)
 .text.libgcc.fmul
                0x00000000        0x0 c:/winavr-20100110/bin/../lib/gcc/avr/4.9.2/avr35\libgcc.a(_divmodhi4.o)
 .text.libgcc.fixed
                0x00000000        0x0 c:/winavr-20100110/bin/../lib/gcc/avr/4.9.2/avr35\libgcc.a(_divmodhi4.o)
 .text          0x00000000        0x0 c:/winavr-20100110/bin/../lib/gcc/avr/4.9.2/avr35\libgcc.a(_udivmodsi4.o)
 .data          0x00000000        0x0 c:/winavr-20100110/bin/../lib/gcc/avr/4.9.2/avr35\libgcc.a(_udivmodsi4.o)
 .bss           0x00000000        0x0 c:/winavr-20100110/bin/../lib/gcc/avr/4.9.2/avr35\libgcc.a(_udivmodsi4.o)
 .text.libgcc.mul
                0x00000000        0x0 c:/winavr-20100110/bin/../lib/gcc/avr/4.9.2/avr35\libgcc.a(_udivmodsi4.o)
 .text.libgcc   0x00000000        0x0 c:/winavr-20100110/bin/../lib/gcc/avr/4.9.2/avr35\libgcc.a(_udivmodsi4.o)
 .text.libgcc.prologue
                0x00000000        0x0 c:/winavr-20100110/bin/../lib/gcc/avr/4.9.2/avr35\libgcc.a(_udivmodsi4.o)
 .text.libgcc.builtins
                0x00000000        0x0 c:/winavr-20100110/bin/../lib/gcc/avr/4.9.2/avr35\libgcc.a(_udivmodsi4.o)
 .text.libgcc.fmul
                0x00000000        0x0 c:/winavr-20100110/bin/../lib/gcc/avr/4.9.2/avr35\libgcc.a(_udivmodsi4.o)
 .text.libgcc.fixed
                0x00000000        0x0 c:/winavr-20100110/bin/../lib/gcc/avr/4.9.2/avr35\libgcc.a(_udivmodsi4.o)
 .text          0x00000000        0x0 c:/winavr-20100110/bin/../lib/gcc/avr/4.9.2/avr35\libgcc.a(_divmodsi4.o)
 .data          0x00000000        0x0 c:/winavr-20100110/bin/../lib/gcc/avr/4.9.2/avr35\libgcc.a(_divmodsi4.o)
 .bss           0x00000000        0x0 c:/winavr-20100110/bin/../lib/gcc/avr/4.9.2/avr35\libgcc.a(_divmodsi4.o)
 .text.libgcc.mul
                0x00000000        0x0 c:/winavr-20100110/bin/../lib/gcc/avr/4.9.2/avr35\libgcc.a(_divmodsi4.o)
 .text.libgcc   0x00000000        0x0 c:/winavr-20100110/bin/../lib/gcc/avr/4.9.2/avr35\libgcc.a(_divmodsi4.o)
 .text.libgcc.prologue
                0x00000000        0x0 c:/winavr-20100110/bin/../lib/gcc/avr/4.9.2/avr35\libgcc.a(_divmodsi4.o)
 .text.libgcc.builtins
                0x00000000        0x0 c:/winavr-20100110/bin/../lib/gcc/avr/4.9.2/avr35\libgcc.a(_divmodsi4.o)
 .text.libgcc.fmul
                0x00000000        0x0 c:/winavr-20100110/bin/../lib/gcc/avr/4.9.2/avr35\libgcc.a(_divmodsi4.o)
 .text.libgcc.fixed
                0x00000000        0x0 c:/winavr-20100110/bin/../lib/gcc/avr/4.9.2/avr35\libgcc.a(_divmodsi4.o)
 .text          0x00000000        0x0 c:/winavr-20100110/bin/../lib/gcc/avr/4.9.2/avr35\libgcc.a(_negsi2.o)
 .data          0x00000000        0x0 c:/winavr-20100110/bin/../lib/gcc/avr/4.9.2/avr35\libgcc.a(_negsi2.o)
 .bss           0x00000000        0x0 c:/winavr-20100110/bin/../lib/gcc/avr/4.9.2/avr35\libgcc.a(_negsi2.o)
 .text.libgcc.mul
                0x00000000        0x0 c:/winavr-20100110/bin/../lib/gcc/avr/4.9.2/avr35\libgcc.a(_negsi2.o)
 .text.libgcc   0x00000000        0x0 c:/winavr-20100110/bin/../lib/gcc/avr/4.9.2/avr35\libgcc.a(_negsi2.o)
 .text.libgcc.prologue
                0x00000000        0x0 c:/winavr-20100110/bin/../lib/gcc/avr/4.9.2/avr35\libgcc.a(_negsi2.o)
 .text.libgcc.builtins
                0x00000000        0x0 c:/winavr-20100110/bin/../lib/gcc/avr/4.9.2/avr35\libgcc.a(_negsi2.o)
 .text.libgcc.fmul
                0x00000000        0x0 c:/winavr-20100110/bin/../lib/gcc/avr/4.9.2/avr35\libgcc.a(_negsi2.o)
 .text.libgcc.fixed
                0x00000000        0x0 c:/winavr-20100110/bin/../lib/gcc/avr/4.9.2/avr35\libgcc.a(_negsi2.o)
 .text          0x00000000        0x0 c:/winavr-20100110/bin/../lib/gcc/avr/4.9.2/avr35\libgcc.a(_exit.o)
 .data          0x00000000        0x0 c:/winavr-20100110/bin/../lib/gcc/avr/4.9.2/avr35\libgcc.a(_exit.o)
 .bss           0x00000000        0x0 c:/winavr-20100110/bin/../lib/gcc/avr/4.9.2/avr35\libgcc.a(_exit.o)
 .text.libgcc.mul
                0x00000000        0x0 c:/winavr-20100110/bin/../lib/gcc/avr/4.9.2/avr35\libgcc.a(_exit.o)
 .text.libgcc.div
                0x00000000        0x0 c:/winavr-20100110/bin/../lib/gcc/avr/4.9.2/avr35\libgcc.a(_exit.o)
 .text.libgcc   0x00000000        0x0 c:/winavr-20100110/bin/../lib/gcc/avr/4.9.2/avr35\libgcc.a(_exit.o)
 .text.libgcc.prologue
                0x00000000        0x0 c:/winavr-20100110/bin/../lib/gcc/avr/4.9.2/avr35\libgcc.a(_exit.o)
 .text.libgcc.builtins
                0x00000000        0x0 c:/winavr-20100110/bin/../lib/gcc/avr/4.9.2/avr35\libgcc.a(_exit.o)
 .text.libgcc.fmul
                0x00000000        0x0 c:/winavr-20100110/bin/../lib/gcc/avr/4.9.2/avr35\libgcc.a(_exit.o)
 .text.libgcc.fixed
                0x00000000        0x0 c:/winavr-20100110/bin/../lib/gcc/avr/4.9.2/avr35\libgcc.a(_exit.o)
 .text          0x00000000        0x0 c:/winavr-20100110/bin/../lib/gcc/avr/4.9.2/avr35\libgcc.a(_copy_data.o)
 .data          0x00000000        0x0 c:/winavr-20100110/bin/../lib/gcc/avr/4.9.2/avr35\libgcc.a(_copy_data.o)
 .bss           0x00000000        0x0 c:/winavr-20100110/bin/../lib/gcc/avr/4.9.2/avr35\libgcc.a(_copy_data.o)
 .text.libgcc.mul
                0x00000000        0x0 c:/winavr-20100110/bin/../lib/gcc/avr/4.9.2/avr35\libgcc.a(_copy_data.o)
 .text.libgcc.div
                0x00000000        0x0 c:/winavr-20100110/bin/../lib/gcc/avr/4.9.2/avr35\libgcc.a(_copy_data.o)
 .text.libgcc   0x00000000        0x0 c:/winavr-20100110/bin/../lib/gcc/avr/4.9.2/avr35\libgcc.a(_copy_data.o)
 .text.libgcc.prologue
                0x00000000        0x0 c:/winavr-20100110/bin/../lib/gcc/avr/4.9.2/avr35\libgcc.a(_copy_data.o)
 .text.libgcc.builtins
                0x00000000        0x0 c:/winavr-20100110/bin/../lib/gcc/avr/4.9.2/avr35\libgcc.a(_copy_data.o)
 .text.libgcc.fmul
                0x00000000        0x0 c:/winavr-20100110/bin/../lib/gcc/avr/4.9.2/avr35\libgcc.a(_copy_data.o)
 .text.libgcc.fixed
                0x00000000        0x0 c:/winavr-20100110/bin/../lib/gcc/avr/4.9.2/avr35\libgcc.a(_copy_data.o)
 .text          0x00000000        0x0 c:/winavr-20100110/bin/../lib/gcc/avr/4.9.2/avr35\libgcc.a(_clear_bss.o)
 .data          0x00000000        0x0 c:/winavr-20100110/bin/../lib/gcc/avr/4.9.2/avr35\libgcc.a(_clear_bss.o)
 .bss           0x00000000        0x0 c:/winavr-20100110/bin/../lib/gcc/avr/4.9.2/avr35\libgcc.a(_clear_bss.o)
 .text.libgcc.mul
                0x00000000        0x0 c:/winavr-20100110/bin/../lib/gcc/avr/4.9.2/avr35\libgcc.a(_clear_bss.o)
 .text.libgcc.div
                0x00000000        0x0 c:/winavr-20100110/bin/../lib/gcc/avr/4.9.2/avr35\libgcc.a(_clear_bss.o)
 .text.libgcc   0x00000000        0x0 c:/winavr-20100110/bin/../lib/gcc/avr/4.9.2/avr35\libgcc.a(_clear_bss.o)
 .text.libgcc.prologue
                0x00000000        0x0 c:/winavr-20100110/bin/../lib/gcc/avr/4.9.2/avr35\libgcc.a(_clear_bss.o)
 .text.libgcc.builtins
                0x00000000        0x0 c:/winavr-20100110/bin/../lib/gcc/avr/4.9.2/avr35\libgcc.a(_clear_bss.o)
 .text.libgcc.fmul
                0x00000000        0x0 c:/winavr-20100110/bin/../lib/gcc/avr/4.9.2/avr35\libgcc.a(_clear_bss.o)
 .text.libgcc.fixed
                0x00000000        0x0 c:/winavr-20100110/bin/../lib/gcc/avr/4.9.2/avr35\libgcc.a(_clear_bss.o)
 .text          0x00000000        0x0 c:/winavr-20100110/bin/../lib/gcc/avr/4.9.2/avr35\libgcc.a(_ctors.o)
 .data          0x00000000        0x0 c:/winavr-20100110/bin/../lib/gcc/avr/4.9.2/avr35\libgcc.a(_ctors.o)
 .bss           0x00000000        0x0 c:/winavr-20100110/bin/../lib/gcc/avr/4.9.2/avr35\libgcc.a(_ctors.o)
 .text.libgcc.mul
                0x00000000        0x0 c:/winavr-20100110/bin/../lib/gcc/avr/4.9.2/avr35\libgcc.a(_ctors.o)
 .text.libgcc.div
                0x00000000        0x0 c:/winavr-20100110/bin/../lib/gcc/avr/4.9.2/avr35\libgcc.a(_ctors.o)
 .text.libgcc   0x00000000        0x0 c:/winavr-20100110/bin/../lib/gcc/avr/4.9.2/avr35\libgcc.a(_ctors.o)
 .text.libgcc.prologue
                0x00000000        0x0 c:/winavr-20100110/bin/../lib/gcc/avr/4.9.2/avr35\libgcc.a(_ctors.o)
 .text.libgcc.builtins
                0x00000000        0x0 c:/winavr-20100110/bin/../lib/gcc/avr/4.9.2/avr35\libgcc.a(_ctors.o)
 .text.libgcc.fmul
                0x00000000        0x0 c:/winavr-20100110/bin/../lib/gcc/avr/4.9.2/avr35\libgcc.a(_ctors.o)
 .text.libgcc.fixed
                0x00000000        0x0 c:/winavr-20100110/bin/../lib/gcc/avr/4.9.2/avr35\libgcc.a(_ctors.o)
 .text          0x00000000        0x0 c:/winavr-20100110/bin/../lib/gcc/avr/4.9.2/avr35\libgcc.a(_mulsidi3.o)
 .data          0x00000000        0x0 c:/winavr-20100110/bin/../lib/gcc/avr/4.9.2/avr35\libgcc.a(_mulsidi3.o)
 .bss           0x00000000        0x0 c:/winavr-20100110/bin/../lib/gcc/avr/4.9.2/avr35\libgcc.a(_mulsidi3.o)
 .text.libgcc.div
                0x00000000        0x0 c:/winavr-20100110/bin/../lib/gcc/avr/4.9.2/avr35\libgcc.a(_mulsidi3.o)
 .text.libgcc   0x00000000        0x0 c:/winavr-20100110/bin/../lib/gcc/avr/4.9.2/avr35\libgcc.a(_mulsidi3.o)
 .text.libgcc.prologue
                0x00000000        0x0 c:/winavr-20100110/bin/../lib/gcc/avr/4.9.2/avr35\libgcc.a(_mulsidi3.o)
 .text.libgcc.builtins
                0x00000000        0x0 c:/winavr-20100110/bin/../lib/gcc/avr/4.9.2/avr35\libgcc.a(_mulsidi3.o)
 .text.libgcc.fmul
                0x00000000        0x0 c:/winavr-20100110/bin/../lib/gcc/avr/4.9.2/avr35\libgcc.a(_mulsidi3.o)
 .text.libgcc.fixed
                0x00000000        0x0 c:/winavr-20100110/bin/../lib/gcc/avr/4.9.2/avr35\libgcc.a(_mulsidi3.o)
 .text          0x00000000        0x0 c:/winavr-20100110/bin/../lib/gcc/avr/4.9.2/avr35\libgcc.a(_prologue.o)
 .data          0x00000000        0x0 c:/winavr-20100110/bin/../lib/gcc/avr/4.9.2/avr35\libgcc.a(_prologue.o)
 .bss           0x00000000        0x0 c:/winavr-20100110/bin/../lib/gcc/avr/4.9.2/avr35\libgcc.a(_prologue.o)
 .text.libgcc.mul
                0x00000000        0x0 c:/winavr-20100110/bin/../lib/gcc/avr/4.9.2/avr35\libgcc.a(_prologue.o)
 .text.libgcc.div
                0x00000000        0x0 c:/winavr-20100110/bin/../lib/gcc/avr/4.9.2/avr35\libgcc.a(_prologue.o)
 .text.libgcc   0x00000000        0x0 c:/winavr-20100110/bin/../lib/gcc/avr/4.9.2/avr35\libgcc.a(_prologue.o)
 .text.libgcc.builtins
                0x00000000        0x0 c:/winavr-20100110/bin/../lib/gcc/avr/4.9.2/avr35\libgcc.a(_prologue.o)
 .text.libgcc.fmul
                0x00000000        0x0 c:/winavr-20100110/bin/../lib/gcc/avr/4.9.2/avr35\libgcc.a(_prologue.o)
 .text.libgcc.fixed
                0x00000000        0x0 c:/winavr-20100110/bin/../lib/gcc/avr/4.9.2/avr35\libgcc.a(_prologue.o)
 .text          0x00000000        0x0 c:/winavr-20100110/bin/../lib/gcc/avr/4.9.2/avr35\libgcc.a(_epilogue.o)
 .data          0x00000000        0x0 c:/winavr-20100110/bin/../lib/gcc/avr/4.9.2/avr35\libgcc.a(_epilogue.o)
 .bss           0x00000000        0x0 c:/winavr-20100110/bin/../lib/gcc/avr/4.9.2/avr35\libgcc.a(_epilogue.o)
 .text.libgcc.mul
                0x00000000        0x0 c:/winavr-20100110/bin/../lib/gcc/avr/4.9.2/avr35\libgcc.a(_epilogue.o)
 .text.libgcc.div
                0x00000000        0x0 c:/winavr-20100110/bin/../lib/gcc/avr/4.9.2/avr35\libgcc.a(_epilogue.o)
 .text.libgcc   0x00000000        0x0 c:/winavr-20100110/bin/../lib/gcc/avr/4.9.2/avr35\libgcc.a(_epilogue.o)
 .text.libgcc.builtins
                0x00000000        0x0 c:/winavr-20100110/bin/../lib/gcc/avr/4.9.2/avr35\libgcc.a(_epilogue.o)
 .text.libgcc.fmul
                0x00000000        0x0 c:/winavr-20100110/bin/../lib/gcc/avr/4.9.2/avr35\libgcc.a(_epilogue.o)
 .text.libgcc.fixed
                0x00000000        0x0 c:/winavr-20100110/bin/../lib/gcc/avr/4.9.2/avr35\libgcc.a(_epilogue.o)
 .text          0x00000000        0x0 c:/winavr-20100110/bin/../lib/gcc/avr/4.9.2/avr35\libgcc.a(_tablejump2.o)
 .data          0x00000000        0x0 c:/winavr-20100110/bin/../lib/gcc/avr/4.9.2/avr35\libgcc.a(_tablejump2.o)
 .bss           0x00000000        0x0 c:/winavr-20100110/bin/../lib/gcc/avr/4.9.2/avr35\libgcc.a(_tablejump2.o)
 .text.libgcc.mul
                0x00000000        0x0 c:/winavr-20100110/bin/../lib/gcc/avr/4.9.2/avr35\libgcc.a(_tablejump2.o)
 .text.libgcc.div
                0x00000000        0x0 c:/winavr-20100110/bin/../lib/gcc/avr/4.9.2/avr35\libgcc.a(_tablejump2.o)
 .text.libgcc.prologue
                0x00000000        0x0 c:/winavr-20100110/bin/../lib/gcc/avr/4.9.2/avr35\libgcc.a(_tablejump2.o)
 .text.libgcc.builtins
                0x00000000        0x0 c:/winavr-20100110/bin/../lib/gcc/avr/4.9.2/avr35\libgcc.a(_tablejump2.o)
 .text.libgcc.fmul
                0x00000000        0x0 c:/winavr-20100110/bin/../lib/gcc/avr/4.9.2/avr35\libgcc.a(_tablejump2.o)
 .text.libgcc.fixed
                0x00000000        0x0 c:/winavr-20100110/bin/../lib/gcc/avr/4.9.2/avr35\libgcc.a(_tablejump2.o)
 .text          0x00000000        0x0 c:/winavr-20100110/bin/../lib/gcc/avr/4.9.2/avr35\libgcc.a(_muldi3.o)
 .data          0x00000000        0x0 c:/winavr-20100110/bin/../lib/gcc/avr/4.9.2/avr35\libgcc.a(_muldi3.o)
 .bss           0x00000000        0x0 c:/winavr-20100110/bin/../lib/gcc/avr/4.9.2/avr35\libgcc.a(_muldi3.o)
 .text.libgcc.div
                0x00000000        0x0 c:/winavr-20100110/bin/../lib/gcc/avr/4.9.2/avr35\libgcc.a(_muldi3.o)
 .text.libgcc   0x00000000        0x0 c:/winavr-20100110/bin/../lib/gcc/avr/4.9.2/avr35\libgcc.a(_muldi3.o)
 .text.libgcc.prologue
                0x00000000        0x0 c:/winavr-20100110/bin/../lib/gcc/avr/4.9.2/avr35\libgcc.a(_muldi3.o)
 .text.libgcc.builtins
                0x00000000        0x0 c:/winavr-20100110/bin/../lib/gcc/avr/4.9.2/avr35\libgcc.a(_muldi3.o)
 .text.libgcc.fmul
                0x00000000        0x0 c:/winavr-20100110/bin/../lib/gcc/avr/4.9.2/avr35\libgcc.a(_muldi3.o)
 .text.libgcc.fixed
                0x00000000        0x0 c:/winavr-20100110/bin/../lib/gcc/avr/4.9.2/avr35\libgcc.a(_muldi3.o)
 .text          0x00000000        0x0 c:/winavr-20100110/bin/../lib/gcc/avr/4.9.2/../../../../avr/lib/avr35\libc.a(random.o)
 .bss           0x00000000        0x0 c:/winavr-20100110/bin/../lib/gcc/avr/4.9.2/../../../../avr/lib/avr35\libc.a(random.o)
 .text          0x00000000        0x0 c:/winavr-20100110/bin/../lib/gcc/avr/4.9.2/../../../../avr/lib/avr35\libc.a(atoi.o)
 .data          0x00000000        0x0 c:/winavr-20100110/bin/../lib/gcc/avr/4.9.2/../../../../avr/lib/avr35\libc.a(atoi.o)
 .bss           0x00000000        0x0 c:/winavr-20100110/bin/../lib/gcc/avr/4.9.2/../../../../avr/lib/avr35\libc.a(atoi.o)
 .text          0x00000000        0x0 c:/winavr-20100110/bin/../lib/gcc/avr/4.9.2/../../../../avr/lib/avr35\libc.a(isprint.o)
 .data          0x00000000        0x0 c:/winavr-20100110/bin/../lib/gcc/avr/4.9.2/../../../../avr/lib/avr35\libc.a(isprint.o)
 .bss           0x00000000        0x0 c:/winavr-20100110/bin/../lib/gcc/avr/4.9.2/../../../../avr/lib/avr35\libc.a(isprint.o)
 .text          0x00000000        0x0 c:/winavr-20100110/bin/../lib/gcc/avr/4.9.2/../../../../avr/lib/avr35\libc.a(isspace.o)
 .data          0x00000000        0x0 c:/winavr-20100110/bin/../lib/gcc/avr/4.9.2/../../../../avr/lib/avr35\libc.a(isspace.o)
 .bss           0x00000000        0x0 c:/winavr-20100110/bin/../lib/gcc/avr/4.9.2/../../../../avr/lib/avr35\libc.a(isspace.o)
 .text          0x00000000        0x0 c:/winavr-20100110/bin/../lib/gcc/avr/4.9.2/../../../../avr/lib/avr35\libc.a(strcmp_P.o)
 .data          0x00000000        0x0 c:/winavr-20100110/bin/../lib/gcc/avr/4.9.2/../../../../avr/lib/avr35\libc.a(strcmp_P.o)
 .bss           0x00000000        0x0 c:/winavr-20100110/bin/../lib/gcc/avr/4.9.2/../../../../avr/lib/avr35\libc.a(strcmp_P.o)
 .text          0x00000000        0x0 c:/winavr-20100110/bin/../lib/gcc/avr/4.9.2/../../../../avr/lib/avr35\libc.a(strlen_P.o)
 .data          0x00000000        0x0 c:/winavr-20100110/bin/../lib/gcc/avr/4.9.2/../../../../avr/lib/avr35\libc.a(strlen_P.o)
 .bss           0x00000000        0x0 c:/winavr-20100110/bin/../lib/gcc/avr/4.9.2/../../../../avr/lib/avr35\libc.a(strlen_P.o)
 .text.avr-libc
                0x00000000       0x12 c:/winavr-20100110/bin/../lib/gcc/avr/4.9.2/../../../../avr/lib/avr35\libc.a(strlen_P.o)
 .text          0x00000000        0x0 c:/winavr-20100110/bin/../lib/gcc/avr/4.9.2/../../../../avr/lib/avr35\libc.a(strstr_P.o)
 .data          0x00000000        0x0 c:/winavr-20100110/bin/../lib/gcc/avr/4.9.2/../../../../avr/lib/avr35\libc.a(strstr_P.o)
 .bss           0x00000000        0x0 c:/winavr-20100110/bin/../lib/gcc/avr/4.9.2/../../../../avr/lib/avr35\libc.a(strstr_P.o)
 .text          0x00000000        0x0 c:/winavr-20100110/bin/../lib/gcc/avr/4.9.2/../../../../avr/lib/avr35\libc.a(memcpy.o)
 .data          0x00000000        0x0 c:/winavr-20100110/bin/../lib/gcc/avr/4.9.2/../../../../avr/lib/avr35\libc.a(memcpy.o)
 .bss           0x00000000        0x0 c:/winavr-20100110/bin/../lib/gcc/avr/4.9.2/../../../../avr/lib/avr35\libc.a(memcpy.o)
 .text          0x00000000        0x0 c:/winavr-20100110/bin/../lib/gcc/avr/4.9.2/../../../../avr/lib/avr35\libc.a(memset.o)
 .data          0x00000000        0x0 c:/winavr-20100110/bin/../lib/gcc/avr/4.9.2/../../../../avr/lib/avr35\libc.a(memset.o)
 .bss           0x00000000        0x0 c:/winavr-20100110/bin/../lib/gcc/avr/4.9.2/../../../../avr/lib/avr35\libc.a(memset.o)
 .text          0x00000000        0x0 c:/winavr-20100110/bin/../lib/gcc/avr/4.9.2/../../../../avr/lib/avr35\libc.a(strchr.o)
 .data          0x00000000        0x0 c:/winavr-20100110/bin/../lib/gcc/avr/4.9.2/../../../../avr/lib/avr35\libc.a(strchr.o)
 .bss           0x00000000        0x0 c:/winavr-20100110/bin/../lib/gcc/avr/4.9.2/../../../../avr/lib/avr35\libc.a(strchr.o)
 .text          0x00000000        0x0 c:/winavr-20100110/bin/../lib/gcc/avr/4.9.2/../../../../avr/lib/avr35\libc.a(mul10.o)
 .data          0x00000000        0x0 c:/winavr-20100110/bin/../lib/gcc/avr/4.9.2/../../../../avr/lib/avr35\libc.a(mul10.o)
 .bss           0x00000000        0x0 c:/winavr-20100110/bin/../lib/gcc/avr/4.9.2/../../../../avr/lib/avr35\libc.a(mul10.o)
 .text          0x00000000        0x0 c:/winavr-20100110/bin/../lib/gcc/avr/4.9.2/../../../../avr/lib/avr35\libc.a(cty_isfalse.o)
 .data          0x00000000        0x0 c:/winavr-20100110/bin/../lib/gcc/avr/4.9.2/../../../../avr/lib/avr35\libc.a(cty_isfalse.o)
 .bss           0x00000000        0x0 c:/winavr-20100110/bin/../lib/gcc/avr/4.9.2/../../../../avr/lib/avr35\libc.a(cty_isfalse.o)
 .text          0x00000000        0x0 c:/winavr-20100110/bin/../lib/gcc/avr/4.9.2/../../../../avr/lib/avr35\libatmega32u2.a(eerd_byte.o)
 .data          0x00000000        0x0 c:/winavr-20100110/bin/../lib/gcc/avr/4.9.2/../../../../avr/lib/avr35\libatmega32u2.a(eerd_byte.o)
 .bss           0x00000000        0x0 c:/winavr-20100110/bin/../lib/gcc/avr/4.9.2/../../../../avr/lib/avr35\libatmega32u2.a(eerd_byte.o)
 .text.avr-libc
                0x00000000       0x10 c:/winavr-20100110/bin/../lib/gcc/avr/4.9.2/../../../../avr/lib/avr35\libatmega32u2.a(eerd_byte.o)

Memory Configuration

Name             Origin             Length             Attributes
text             0x00000000         0x00010000         xr
data             0x00800060         0x0000ffa0         rw !x
eeprom           0x00810000         0x00010000         rw !x
fuse             0x00820000         0x00000400         rw !x
lock             0x00830000         0x00000400         rw !x
signature        0x00840000         0x00000400         rw !x
user_signatures  0x00850000         0x00000400         rw !x
*default*        0x00000000         0xffffffff

Linker script and memory map

Address of section .data set to 0x800100
LOAD c:/winavr-20100110/bin/../lib/gcc/avr/4.9.2/../../../../avr/lib/avr35/crtatmega32u2.o
LOAD ./Descriptors.o
LOAD ./NeoPixelCandle.o
LOAD ./NeoPixelConfig.o
LOAD ./NeoPixelTheaterChase.o
LOAD ./NeoPixels.o
LOAD ./OffChipMqtt.o
LOAD ./main.o
LOAD C:\siriusxm\data\workspaces\playing\AtmelLibrary\Debug\libAtmelLibrary.a
LOAD C:\siriusxm\data\workspaces\playing\USBLibrary\Debug\libUSBLibrary.a
LOAD c:/winavr-20100110/bin/../lib/gcc/avr/4.9.2/avr35\libgcc.a
LOAD c:/winavr-20100110/bin/../lib/gcc/avr/4.9.2/../../../../avr/lib/avr35\libm.a
START GROUP
LOAD c:/winavr-20100110/bin/../lib/gcc/avr/4.9.2/avr35\libgcc.a
LOAD c:/winavr-20100110/bin/../lib/gcc/avr/4.9.2/../../../../avr/lib/avr35\libm.a
LOAD c:/winavr-20100110/bin/../lib/gcc/avr/4.9.2/../../../../avr/lib/avr35\libc.a
LOAD c:/winavr-20100110/bin/../lib/gcc/avr/4.9.2/../../../../avr/lib/avr35\libatmega32u2.a
END GROUP

.hash
 *(.hash)

.dynsym
 *(.dynsym)

.dynstr
 *(.dynstr)

.gnu.version
 *(.gnu.version)

.gnu.version_d
 *(.gnu.version_d)

.gnu.version_r
 *(.gnu.version_r)

.rel.init
 *(.rel.init)

.rela.init
 *(.rela.init)

.rel.text
 *(.rel.text)
 *(.rel.text.*)
 *(.rel.gnu.linkonce.t*)

.rela.text
 *(.rela.text)
 *(.rela.text.*)
 *(.rela.gnu.linkonce.t*)

.rel.fini
 *(.rel.fini)

.rela.fini
 *(.rela.fini)

.rel.rodata
 *(.rel.rodata)
 *(.rel.rodata.*)
 *(.rel.gnu.linkonce.r*)

.rela.rodata
 *(.rela.rodata)
 *(.rela.rodata.*)
 *(.rela.gnu.linkonce.r*)

.rel.data
 *(.rel.data)
 *(.rel.data.*)
 *(.rel.gnu.linkonce.d*)

.rela.data
 *(.rela.data)
 *(.rela.data.*)
 *(.rela.gnu.linkonce.d*)

.rel.ctors
 *(.rel.ctors)

.rela.ctors
 *(.rela.ctors)

.rel.dtors
 *(.rel.dtors)

.rela.dtors
 *(.rela.dtors)

.rel.got
 *(.rel.got)

.rela.got
 *(.rela.got)

.rel.bss
 *(.rel.bss)

.rela.bss
 *(.rela.bss)

.rel.plt
 *(.rel.plt)

.rela.plt
 *(.rela.plt)

.text           0x00000000     0x246a
 *(.vectors)
 .vectors       0x00000000       0x74 c:/winavr-20100110/bin/../lib/gcc/avr/4.9.2/../../../../avr/lib/avr35/crtatmega32u2.o
                0x00000000                __vector_default
                0x00000000                __vectors
 *(.vectors)
 *(.progmem.gcc*)
                0x00000074                . = ALIGN (0x2)
                0x00000074                __trampolines_start = .
 *(.trampolines)
 .trampolines   0x00000074        0x0 linker stubs
 *(.trampolines*)
                0x00000074                __trampolines_end = .
 *(.progmem*)
 .progmem.data._ZZN6MyMqtt7OnTopicEPcS0_E3__c_12
                0x00000074        0x8 ./OffChipMqtt.o
 .progmem.data._ZZN6MyMqtt7OnTopicEPcS0_E3__c_11
                0x0000007c        0x7 ./OffChipMqtt.o
 .progmem.data._ZZN6MyMqtt7OnTopicEPcS0_E3__c_10
                0x00000083        0x4 ./OffChipMqtt.o
 .progmem.data._ZZN6MyMqtt7OnTopicEPcS0_E3__c_9
                0x00000087        0x6 ./OffChipMqtt.o
 .progmem.data._ZZN6MyMqtt7OnTopicEPcS0_E3__c_8
                0x0000008d        0x8 ./OffChipMqtt.o
 .progmem.data._ZZN6MyMqtt7OnTopicEPcS0_E3__c_7
                0x00000095        0x7 ./OffChipMqtt.o
 .progmem.data._ZZN6MyMqtt7OnTopicEPcS0_E3__c_6
                0x0000009c        0x8 ./OffChipMqtt.o
 .progmem.data._ZZN6MyMqtt7OnTopicEPcS0_E3__c_5
                0x000000a4        0x6 ./OffChipMqtt.o
 .progmem.data._ZZN6MyMqtt7OnTopicEPcS0_E3__c_4
                0x000000aa        0x7 ./OffChipMqtt.o
 .progmem.data._ZZN6MyMqtt7OnTopicEPcS0_E3__c_3
                0x000000b1        0x6 ./OffChipMqtt.o
 .progmem.data._ZZN6MyMqtt7OnTopicEPcS0_E3__c_2
                0x000000b7        0x6 ./OffChipMqtt.o
 .progmem.data._ZZN6MyMqtt7OnTopicEPcS0_E3__c_1
                0x000000bd        0x7 ./OffChipMqtt.o
 .progmem.data._ZZN6MyMqtt7OnTopicEPcS0_E3__c_0
                0x000000c4        0x7 ./OffChipMqtt.o
 .progmem.data._ZZN6MyMqtt7OnTopicEPcS0_E3__c
                0x000000cb        0x7 ./OffChipMqtt.o
 .progmem.data._ZZN6MyMqtt9MqttTasksEvE3__c_8
                0x000000d2        0x2 ./OffChipMqtt.o
 .progmem.data._ZZN6MyMqtt9MqttTasksEvE3__c_7
                0x000000d4        0x2 ./OffChipMqtt.o
 .progmem.data._ZZN6MyMqtt9MqttTasksEvE3__c_6
                0x000000d6        0xc ./OffChipMqtt.o
 .progmem.data._ZZN6MyMqtt9MqttTasksEvE3__c_5
                0x000000e2        0x6 ./OffChipMqtt.o
 .progmem.data._ZZN6MyMqtt9MqttTasksEvE3__c_4
                0x000000e8        0x3 ./OffChipMqtt.o
 .progmem.data._ZZN6MyMqtt9MqttTasksEvE3__c_3
                0x000000eb       0x13 ./OffChipMqtt.o
 .progmem.data._ZZN6MyMqtt9MqttTasksEvE3__c_2
                0x000000fe       0x10 ./OffChipMqtt.o
 .progmem.data._ZZN6MyMqtt9MqttTasksEvE3__c_1
                0x0000010e       0x13 ./OffChipMqtt.o
 .progmem.data._ZZN6MyMqtt9MqttTasksEvE3__c_0
                0x00000121       0x10 ./OffChipMqtt.o
 .progmem.data._ZZN6MyMqtt9MqttTasksEvE3__c
                0x00000131        0x3 ./OffChipMqtt.o
 .progmem.data._ZZN6MyMqtt5beginEvE3__c
                0x00000134       0x1b ./OffChipMqtt.o
                0x00000150                . = ALIGN (0x2)
 *fill*         0x0000014f        0x1 
 *(.jumptables)
 *(.jumptables*)
 *(.lowtext)
 *(.lowtext*)
                0x00000150                __ctors_start = .
 *(.ctors)
 .ctors         0x00000150        0x2 ./main.o
 .ctors         0x00000152        0x2 C:\siriusxm\data\workspaces\playing\AtmelLibrary\Debug\libAtmelLibrary.a(Serial.o)
                0x00000154                __ctors_end = .
                0x00000154                __dtors_start = .
 *(.dtors)
                0x00000154                __dtors_end = .
 SORT(*)(.ctors)
 SORT(*)(.dtors)
 *(.init0)
 .init0         0x00000154        0x0 c:/winavr-20100110/bin/../lib/gcc/avr/4.9.2/../../../../avr/lib/avr35/crtatmega32u2.o
                0x00000154                __init
 *(.init0)
 *(.init1)
 *(.init1)
 *(.init2)
 .init2         0x00000154        0xc c:/winavr-20100110/bin/../lib/gcc/avr/4.9.2/../../../../avr/lib/avr35/crtatmega32u2.o
 *(.init2)
 *(.init3)
 *(.init3)
 *(.init4)
 .init4         0x00000160       0x16 c:/winavr-20100110/bin/../lib/gcc/avr/4.9.2/avr35\libgcc.a(_copy_data.o)
                0x00000160                __do_copy_data
 .init4         0x00000176       0x10 c:/winavr-20100110/bin/../lib/gcc/avr/4.9.2/avr35\libgcc.a(_clear_bss.o)
                0x00000176                __do_clear_bss
 *(.init4)
 *(.init5)
 *(.init5)
 *(.init6)
 .init6         0x00000186       0x16 c:/winavr-20100110/bin/../lib/gcc/avr/4.9.2/avr35\libgcc.a(_ctors.o)
                0x00000186                __do_global_ctors
 *(.init6)
 *(.init7)
 *(.init7)
 *(.init8)
 *(.init8)
 *(.init9)
 .init9         0x0000019c        0x8 c:/winavr-20100110/bin/../lib/gcc/avr/4.9.2/../../../../avr/lib/avr35/crtatmega32u2.o
 *(.init9)
 *(.text)
 .text          0x000001a4        0x2 c:/winavr-20100110/bin/../lib/gcc/avr/4.9.2/../../../../avr/lib/avr35/crtatmega32u2.o
                0x000001a4                __vector_22
                0x000001a4                __vector_28
                0x000001a4                __vector_1
                0x000001a4                __vector_12
                0x000001a4                __bad_interrupt
                0x000001a4                __vector_6
                0x000001a4                __vector_3
                0x000001a4                __vector_25
                0x000001a4                __vector_11
                0x000001a4                __vector_13
                0x000001a4                __vector_17
                0x000001a4                __vector_19
                0x000001a4                __vector_7
                0x000001a4                __vector_27
                0x000001a4                __vector_5
                0x000001a4                __vector_4
                0x000001a4                __vector_9
                0x000001a4                __vector_2
                0x000001a4                __vector_15
                0x000001a4                __vector_8
                0x000001a4                __vector_26
                0x000001a4                __vector_14
                0x000001a4                __vector_10
                0x000001a4                __vector_16
                0x000001a4                __vector_18
                0x000001a4                __vector_20
                0x000001a6                . = ALIGN (0x2)
 *(.text.*)
 .text._ZN9NeoPixels10initCandleEv
                0x000001a6       0x1e ./NeoPixelCandle.o
                0x000001a6                _ZN9NeoPixels10initCandleEv
 .text._ZN9NeoPixels12CandleEffectEv
                0x000001c4      0x10c ./NeoPixelCandle.o
                0x000001c4                _ZN9NeoPixels12CandleEffectEv
 .text._ZN9NeoConfigC2Ev
                0x000002d0       0xd2 ./NeoPixelConfig.o
                0x000002d0                _ZN9NeoConfigC1Ev
                0x000002d0                _ZN9NeoConfigC2Ev
 .text._ZN9NeoPixels16initTheaterChaseEv
                0x000003a2       0x36 ./NeoPixelTheaterChase.o
                0x000003a2                _ZN9NeoPixels16initTheaterChaseEv
 .text._ZN9NeoPixels18TheaterChaseEffectEv
                0x000003d8      0x1e2 ./NeoPixelTheaterChase.o
                0x000003d8                _ZN9NeoPixels18TheaterChaseEffectEv
 .text._Z12RandomOffsetj
                0x000005ba       0x40 ./NeoPixels.o
                0x000005ba                _Z12RandomOffsetj
 .text._Z9sendPixelhhh
                0x000005fa       0xba ./NeoPixels.o
                0x000005fa                _Z9sendPixelhhh
 .text._Z9sendPixelR13NeoPixelColor
                0x000006b4       0xda ./NeoPixels.o
                0x000006b4                _Z9sendPixelR13NeoPixelColor
 .text._Z10sendPixelsP13NeoPixelColorj
                0x0000078e       0x4a ./NeoPixels.o
                0x0000078e                _Z10sendPixelsP13NeoPixelColorj
 .text._Z5Wheelh
                0x000007d8       0xa0 ./NeoPixels.o
                0x000007d8                _Z5Wheelh
 .text._ZN9NeoPixelsC2Ej
                0x00000878       0x90 ./NeoPixels.o
                0x00000878                _ZN9NeoPixelsC1Ej
                0x00000878                _ZN9NeoPixelsC2Ej
 .text._ZN9NeoPixels16StartRandomPixelEj
                0x00000908      0x164 ./NeoPixels.o
                0x00000908                _ZN9NeoPixels16StartRandomPixelEj
 .text._ZN9NeoPixels11initTwinkleEv
                0x00000a6c       0xd0 ./NeoPixels.o
                0x00000a6c                _ZN9NeoPixels11initTwinkleEv
 .text._ZN13NeoPixelColorC2Ev
                0x00000b3c       0x1a ./NeoPixels.o
                0x00000b3c                _ZN13NeoPixelColorC2Ev
                0x00000b3c                _ZN13NeoPixelColorC1Ev
 .text._ZN13NeoPixelColorC2Ehhh
                0x00000b56       0x1a ./NeoPixels.o
                0x00000b56                _ZN13NeoPixelColorC2Ehhh
                0x00000b56                _ZN13NeoPixelColorC1Ehhh
 .text._ZN13NeoPixelColorC2ERKS_
                0x00000b70       0x34 ./NeoPixels.o
                0x00000b70                _ZN13NeoPixelColorC2ERKS_
                0x00000b70                _ZN13NeoPixelColorC1ERKS_
 .text._ZN13NeoPixelColoraSERKS_
                0x00000ba4       0x34 ./NeoPixels.o
                0x00000ba4                _ZN13NeoPixelColoraSERKS_
 .text._ZN9NeoPixels10fillPixelsE13NeoPixelColor
                0x00000bd8       0x6e ./NeoPixels.o
                0x00000bd8                _ZN9NeoPixels10fillPixelsE13NeoPixelColor
 .text._ZN9NeoPixels4initEv
                0x00000c46      0x138 ./NeoPixels.o
                0x00000c46                _ZN9NeoPixels4initEv
 .text._ZN9NeoPixels13RainbowEffectEv.part.2
                0x00000d7e       0xba ./NeoPixels.o
 .text._ZN9NeoPixels9SetConfigER9NeoConfig
                0x00000e38       0x88 ./NeoPixels.o
                0x00000e38                _ZN9NeoPixels9SetConfigER9NeoConfig
 .text._ZN13NeoPixelColormlEh
                0x00000ec0       0xb6 ./NeoPixels.o
                0x00000ec0                _ZN13NeoPixelColormlEh
 .text._ZN9NeoPixels19TwinkleSingleEffectEv
                0x00000f76      0x296 ./NeoPixels.o
                0x00000f76                _ZN9NeoPixels19TwinkleSingleEffectEv
 .text._ZN9NeoPixels6UpdateEv
                0x0000120c       0xa8 ./NeoPixels.o
                0x0000120c                _ZN9NeoPixels6UpdateEv
 .text._ZN9NeoPixels5beginEv
                0x000012b4       0x1c ./NeoPixels.o
                0x000012b4                _ZN9NeoPixels5beginEv
 .text._ZN9NeoPixels4TaskEv
                0x000012d0       0x34 ./NeoPixels.o
                0x000012d0                _ZN9NeoPixels4TaskEv
 .text._ZN6MyMqttC2Ev
                0x00001304       0x2a ./OffChipMqtt.o
                0x00001304                _ZN6MyMqttC1Ev
                0x00001304                _ZN6MyMqttC2Ev
 .text._ZN6MyMqtt9SetBufferEPcj
                0x0000132e       0x44 ./OffChipMqtt.o
                0x0000132e                _ZN6MyMqtt9SetBufferEPcj
 .text._ZN6MyMqtt7OnTopicEPcS0_
                0x00001372      0x2b8 ./OffChipMqtt.o
                0x00001372                _ZN6MyMqtt7OnTopicEPcS0_
 .text._ZN6MyMqtt11CheckUpdateEv
                0x0000162a       0x22 ./OffChipMqtt.o
                0x0000162a                _ZN6MyMqtt11CheckUpdateEv
 .text._ZN6MyMqtt5beginEv
                0x0000164c      0x126 ./OffChipMqtt.o
                0x0000164c                _ZN6MyMqtt5beginEv
 .text._ZN6MyMqtt9MqttTasksEv
                0x00001772      0x26e ./OffChipMqtt.o
                0x00001772                _ZN6MyMqtt9MqttTasksEv
 .text._Z14checkSignatureb
                0x000019e0       0x2a ./main.o
                0x000019e0                _Z14checkSignatureb
 .text._Z10fillPixelshhhh
                0x00001a0a       0x48 ./main.o
                0x00001a0a                _Z10fillPixelshhhh
 .text._Z11flashPixelshhhhhj
                0x00001a52       0x64 ./main.o
                0x00001a52                _Z11flashPixelshhhhhj
 .text._Z9PixelTesth
                0x00001ab6       0xf2 ./main.o
                0x00001ab6                _Z9PixelTesth
 .text.startup.main
                0x00001ba8       0x50 ./main.o
                0x00001ba8                main
 .text.startup._GLOBAL__sub_I_StackSignature
                0x00001bf8       0x12 ./main.o
 .text._ZN9HWSerial13getEv
                0x00001c0a       0x3a C:\siriusxm\data\workspaces\playing\AtmelLibrary\Debug\libAtmelLibrary.a(Serial.o)
                0x00001c0a                _ZN9HWSerial13getEv
 .text._ZN9HWSerial16putrxcEc
                0x00001c44       0x48 C:\siriusxm\data\workspaces\playing\AtmelLibrary\Debug\libAtmelLibrary.a(Serial.o)
                0x00001c44                _ZN9HWSerial16putrxcEc
 .text._ZN9HWSerial16gettxcEv
                0x00001c8c       0x30 C:\siriusxm\data\workspaces\playing\AtmelLibrary\Debug\libAtmelLibrary.a(Serial.o)
                0x00001c8c                _ZN9HWSerial16gettxcEv
 .text._ZN9HWSerial17PutCharEcb
                0x00001cbc       0x84 C:\siriusxm\data\workspaces\playing\AtmelLibrary\Debug\libAtmelLibrary.a(Serial.o)
                0x00001cbc                _ZN9HWSerial17PutCharEcb
 .text._ZN9HWSerial15beginEm
                0x00001d40       0xb2 C:\siriusxm\data\workspaces\playing\AtmelLibrary\Debug\libAtmelLibrary.a(Serial.o)
                0x00001d40                _ZN9HWSerial15beginEm
 .text.__vector_24
                0x00001df2       0x6e C:\siriusxm\data\workspaces\playing\AtmelLibrary\Debug\libAtmelLibrary.a(Serial.o)
                0x00001df2                __vector_24
 .text.__vector_23
                0x00001e60       0x82 C:\siriusxm\data\workspaces\playing\AtmelLibrary\Debug\libAtmelLibrary.a(Serial.o)
                0x00001e60                __vector_23
 .text.startup._GLOBAL__sub_I_Serial1
                0x00001ee2       0x26 C:\siriusxm\data\workspaces\playing\AtmelLibrary\Debug\libAtmelLibrary.a(Serial.o)
 .text.__vector_21
                0x00001f08       0xae C:\siriusxm\data\workspaces\playing\AtmelLibrary\Debug\libAtmelLibrary.a(Timer.o)
                0x00001f08                __vector_21
 .text._Z6millisv
                0x00001fb6       0x18 C:\siriusxm\data\workspaces\playing\AtmelLibrary\Debug\libAtmelLibrary.a(Timer.o)
                0x00001fb6                _Z6millisv
 .text._Z6microsv
                0x00001fce       0x4c C:\siriusxm\data\workspaces\playing\AtmelLibrary\Debug\libAtmelLibrary.a(Timer.o)
                0x00001fce                _Z6microsv
 .text._Z5delaym
                0x0000201a       0x50 C:\siriusxm\data\workspaces\playing\AtmelLibrary\Debug\libAtmelLibrary.a(Timer.o)
                0x0000201a                _Z5delaym
 .text._Z9initTimerv
                0x0000206a       0x54 C:\siriusxm\data\workspaces\playing\AtmelLibrary\Debug\libAtmelLibrary.a(Timer.o)
                0x0000206a                _Z9initTimerv
 .text._Z10TrackStackv
                0x000020be       0x20 C:\siriusxm\data\workspaces\playing\AtmelLibrary\Debug\libAtmelLibrary.a(StackChecker.o)
                0x000020be                _Z10TrackStackv
 .text.libgcc.mul
                0x000020de       0x22 c:/winavr-20100110/bin/../lib/gcc/avr/4.9.2/avr35\libgcc.a(_mulhi3.o)
                0x000020de                __mulhi3
 .text.libgcc.div
                0x00002100       0x28 c:/winavr-20100110/bin/../lib/gcc/avr/4.9.2/avr35\libgcc.a(_udivmodhi4.o)
                0x00002100                __udivmodhi4
 .text.libgcc.div
                0x00002128       0x26 c:/winavr-20100110/bin/../lib/gcc/avr/4.9.2/avr35\libgcc.a(_divmodhi4.o)
                0x00002128                _div
                0x00002128                __divmodhi4
 .text.libgcc.div
                0x0000214e       0x44 c:/winavr-20100110/bin/../lib/gcc/avr/4.9.2/avr35\libgcc.a(_udivmodsi4.o)
                0x0000214e                __udivmodsi4
 .text.libgcc.div
                0x00002192       0x28 c:/winavr-20100110/bin/../lib/gcc/avr/4.9.2/avr35\libgcc.a(_divmodsi4.o)
                0x00002192                __divmodsi4
 .text.libgcc.div
                0x000021ba       0x10 c:/winavr-20100110/bin/../lib/gcc/avr/4.9.2/avr35\libgcc.a(_negsi2.o)
                0x000021ba                __negsi2
 .text.libgcc.mul
                0x000021ca       0x3a c:/winavr-20100110/bin/../lib/gcc/avr/4.9.2/avr35\libgcc.a(_mulsidi3.o)
                0x000021ca                __mulsidi3
                0x000021ce                __umulsidi3
 .text.libgcc.prologue
                0x00002204       0x38 c:/winavr-20100110/bin/../lib/gcc/avr/4.9.2/avr35\libgcc.a(_prologue.o)
                0x00002204                __prologue_saves__
 .text.libgcc.prologue
                0x0000223c       0x36 c:/winavr-20100110/bin/../lib/gcc/avr/4.9.2/avr35\libgcc.a(_epilogue.o)
                0x0000223c                __epilogue_restores__
 .text.libgcc   0x00002272        0xc c:/winavr-20100110/bin/../lib/gcc/avr/4.9.2/avr35\libgcc.a(_tablejump2.o)
                0x00002272                __tablejump2__
 .text.libgcc.mul
                0x0000227e       0x5c c:/winavr-20100110/bin/../lib/gcc/avr/4.9.2/avr35\libgcc.a(_muldi3.o)
                0x0000227e                __muldi3
 .text.avr-libc
                0x000022da       0x9c c:/winavr-20100110/bin/../lib/gcc/avr/4.9.2/../../../../avr/lib/avr35\libc.a(random.o)
                0x0000235c                random_r
                0x0000235e                random
                0x00002364                srandom
 .text.avr-libc
                0x00002376       0x3a c:/winavr-20100110/bin/../lib/gcc/avr/4.9.2/../../../../avr/lib/avr35\libc.a(atoi.o)
                0x00002376                atoi
 .text.avr-libc
                0x000023b0       0x10 c:/winavr-20100110/bin/../lib/gcc/avr/4.9.2/../../../../avr/lib/avr35\libc.a(isprint.o)
                0x000023b0                isgraph
                0x000023b4                isprint
 .text.avr-libc
                0x000023c0       0x10 c:/winavr-20100110/bin/../lib/gcc/avr/4.9.2/../../../../avr/lib/avr35\libc.a(isspace.o)
                0x000023c0                isspace
 .text.avr-libc
                0x000023d0       0x12 c:/winavr-20100110/bin/../lib/gcc/avr/4.9.2/../../../../avr/lib/avr35\libc.a(strcmp_P.o)
                0x000023d0                strcmp_P
 .text.avr-libc
                0x000023e2       0x34 c:/winavr-20100110/bin/../lib/gcc/avr/4.9.2/../../../../avr/lib/avr35\libc.a(strstr_P.o)
                0x000023e2                strstr_P
 .text.avr-libc
                0x00002416       0x12 c:/winavr-20100110/bin/../lib/gcc/avr/4.9.2/../../../../avr/lib/avr35\libc.a(memcpy.o)
                0x00002416                memcpy
 .text.avr-libc
                0x00002428        0xe c:/winavr-20100110/bin/../lib/gcc/avr/4.9.2/../../../../avr/lib/avr35\libc.a(memset.o)
                0x00002428                memset
 .text.avr-libc
                0x00002436       0x16 c:/winavr-20100110/bin/../lib/gcc/avr/4.9.2/../../../../avr/lib/avr35\libc.a(strchr.o)
                0x00002436                strchr
 .text.avr-libc
                0x0000244c       0x14 c:/winavr-20100110/bin/../lib/gcc/avr/4.9.2/../../../../avr/lib/avr35\libc.a(mul10.o)
                0x0000244c                __mulhi_const_10
 .text.avr-libc
                0x00002460        0x6 c:/winavr-20100110/bin/../lib/gcc/avr/4.9.2/../../../../avr/lib/avr35\libc.a(cty_isfalse.o)
                0x00002460                __ctype_isfalse
                0x00002464                __ctype_istrue
                0x00002466                . = ALIGN (0x2)
 *(.fini9)
 .fini9         0x00002466        0x0 c:/winavr-20100110/bin/../lib/gcc/avr/4.9.2/avr35\libgcc.a(_exit.o)
                0x00002466                _exit
                0x00002466                exit
 *(.fini9)
 *(.fini8)
 *(.fini8)
 *(.fini7)
 *(.fini7)
 *(.fini6)
 *(.fini6)
 *(.fini5)
 *(.fini5)
 *(.fini4)
 *(.fini4)
 *(.fini3)
 *(.fini3)
 *(.fini2)
 *(.fini2)
 *(.fini1)
 *(.fini1)
 *(.fini0)
 .fini0         0x00002466        0x4 c:/winavr-20100110/bin/../lib/gcc/avr/4.9.2/avr35\libgcc.a(_exit.o)
 *(.fini0)
                0x0000246a                _etext = .

.data           0x00800100       0x12 load address 0x0000246a
                0x00800100                PROVIDE (__data_start, .)
 *(.data)
 .data          0x00800100        0x4 c:/winavr-20100110/bin/../lib/gcc/avr/4.9.2/../../../../avr/lib/avr35\libc.a(random.o)
 *(.data*)
 .data._ZL8LowestSP
                0x00800104        0x2 C:\siriusxm\data\workspaces\playing\AtmelLibrary\Debug\libAtmelLibrary.a(StackChecker.o)
 *(.rodata)
 *(.rodata*)
 .rodata._ZTV9HWSerial1
                0x00800106        0xc C:\siriusxm\data\workspaces\playing\AtmelLibrary\Debug\libAtmelLibrary.a(Serial.o)
                0x00800106                _ZTV9HWSerial1
 *(.gnu.linkonce.d*)
                0x00800112                . = ALIGN (0x2)
                0x00800112                _edata = .
                0x00800112                PROVIDE (__data_end, .)

.bss            0x00800112      0x1f7
                0x00800112                PROVIDE (__bss_start, .)
 *(.bss)
 *(.bss*)
 .bss._ZN13NeoPixelColor13m_color_orderE
                0x00800112        0x1 ./NeoPixels.o
                0x00800112                _ZN13NeoPixelColor13m_color_orderE
 .bss.mqttsock  0x00800113       0x74 ./main.o
                0x00800113                mqttsock
 .bss.neo       0x00800187      0x112 ./main.o
                0x00800187                neo
 .bss.Serial1   0x00800299       0x67 C:\siriusxm\data\workspaces\playing\AtmelLibrary\Debug\libAtmelLibrary.a(Serial.o)
                0x00800299                Serial1
 .bss._ZL12timer0_fract
                0x00800300        0x1 C:\siriusxm\data\workspaces\playing\AtmelLibrary\Debug\libAtmelLibrary.a(Timer.o)
 .bss.timer0_millis
                0x00800301        0x4 C:\siriusxm\data\workspaces\playing\AtmelLibrary\Debug\libAtmelLibrary.a(Timer.o)
                0x00800301                timer0_millis
 .bss.timer0_overflow_count
                0x00800305        0x4 C:\siriusxm\data\workspaces\playing\AtmelLibrary\Debug\libAtmelLibrary.a(Timer.o)
                0x00800305                timer0_overflow_count
 *(COMMON)
                0x00800309                PROVIDE (__bss_end, .)
                0x0000246a                __data_load_start = LOADADDR (.data)
                0x0000247c                __data_load_end = (__data_load_start + SIZEOF (.data))

.noinit         0x00800309        0x2
                0x00800309                PROVIDE (__noinit_start, .)
 *(.noinit*)
 .noinit        0x00800309        0x2 ./main.o
                0x00800309                StackSignature
                0x0080030b                PROVIDE (__noinit_end, .)
                0x0080030b                _end = .
                0x0080030b                PROVIDE (__heap_start, .)

.eeprom         0x00810000        0x0
 *(.eeprom*)
                0x00810000                __eeprom_end = .

.fuse
 *(.fuse)
 *(.lfuse)
 *(.hfuse)
 *(.efuse)

.lock
 *(.lock*)

.signature
 *(.signature*)

.user_signatures
 *(.user_signatures*)

.stab           0x00000000     0xd0c8
 *(.stab)
 .stab          0x00000000     0x1824 ./NeoPixelCandle.o
                               0x1830 (size before relaxing)
 .stab          0x00001824     0x17d0 ./NeoPixelConfig.o
                               0x17dc (size before relaxing)
 .stab          0x00002ff4     0x1974 ./NeoPixelTheaterChase.o
                               0x1980 (size before relaxing)
 .stab          0x00004968     0x2e14 ./NeoPixels.o
                               0x411c (size before relaxing)
 .stab          0x0000777c     0x2244 ./OffChipMqtt.o
                               0x22e0 (size before relaxing)
 .stab          0x000099c0     0x1c98 ./main.o
                               0x1ca4 (size before relaxing)
 .stab          0x0000b658      0xd80 C:\siriusxm\data\workspaces\playing\AtmelLibrary\Debug\libAtmelLibrary.a(Serial.o)
                               0x138c (size before relaxing)
 .stab          0x0000c3d8      0x81c C:\siriusxm\data\workspaces\playing\AtmelLibrary\Debug\libAtmelLibrary.a(Timer.o)
                                0x87c (size before relaxing)
 .stab          0x0000cbf4      0x4d4 C:\siriusxm\data\workspaces\playing\AtmelLibrary\Debug\libAtmelLibrary.a(StackChecker.o)
                                0x4e0 (size before relaxing)

.stabstr        0x00000000    0x126f7
 *(.stabstr)
 .stabstr       0x00000000    0x126f7 ./Descriptors.o

.stab.excl
 *(.stab.excl)

.stab.exclstr
 *(.stab.exclstr)

.stab.index
 *(.stab.index)

.stab.indexstr
 *(.stab.indexstr)

.comment        0x00000000       0x30
 *(.comment)
 .comment       0x00000000       0x30 ./NeoPixelCandle.o
                                 0x31 (size before relaxing)
 .comment       0x00000030       0x31 ./NeoPixelConfig.o
 .comment       0x00000030       0x31 ./NeoPixelTheaterChase.o
 .comment       0x00000030       0x31 ./NeoPixels.o
 .comment       0x00000030       0x31 ./OffChipMqtt.o
 .comment       0x00000030       0x31 ./main.o
 .comment       0x00000030       0x31 C:\siriusxm\data\workspaces\playing\AtmelLibrary\Debug\libAtmelLibrary.a(Serial.o)
 .comment       0x00000030       0x31 C:\siriusxm\data\workspaces\playing\AtmelLibrary\Debug\libAtmelLibrary.a(Timer.o)
 .comment       0x00000030       0x31 C:\siriusxm\data\workspaces\playing\AtmelLibrary\Debug\libAtmelLibrary.a(StackChecker.o)
 .comment       0x00000030       0x31 c:/winavr-20100110/bin/../lib/gcc/avr/4.9.2/../../../../avr/lib/avr35\libc.a(random.o)

.note.gnu.avr.deviceinfo
                0x00000000       0x40
 .note.gnu.avr.deviceinfo
                0x00000000       0x40 c:/winavr-20100110/bin/../lib/gcc/avr/4.9.2/../../../../avr/lib/avr35/crtatmega32u2.o

.note.gnu.build-id
 *(.note.gnu.build-id)

.debug
 *(.debug)

.line
 *(.line)

.debug_srcinfo
 *(.debug_srcinfo)

.debug_sfnames
 *(.debug_sfnames)

.debug_aranges
 *(.debug_aranges)

.debug_pubnames
 *(.debug_pubnames)

.debug_info
 *(.debug_info .gnu.linkonce.wi.*)

.debug_abbrev
 *(.debug_abbrev)

.debug_line
 *(.debug_line .debug_line.* .debug_line_end)

.debug_frame
 *(.debug_frame)

.debug_str
 *(.debug_str)

.debug_loc
 *(.debug_loc)

.debug_macinfo
 *(.debug_macinfo)

.debug_weaknames
 *(.debug_weaknames)

.debug_funcnames
 *(.debug_funcnames)

.debug_typenames
 *(.debug_typenames)

.debug_varnames
 *(.debug_varnames)

.debug_pubtypes
 *(.debug_pubtypes)

.debug_ranges
 *(.debug_ranges)

.debug_macro
 *(.debug_macro)
OUTPUT(OffChipMqtt_ATMEGA32U2.elf elf32-avr)
LOAD linker stubs

Cross Reference Table

Symbol                                            File
CALLBACK_USB_GetDescriptor                        ./Descriptors.o
Serial1                                           C:\siriusxm\data\workspaces\playing\AtmelLibrary\Debug\libAtmelLibrary.a(Serial.o)
                                                  ./OffChipMqtt.o
StackSignature                                    ./main.o
_Z10TrackStackv                                   C:\siriusxm\data\workspaces\playing\AtmelLibrary\Debug\libAtmelLibrary.a(StackChecker.o)
                                                  C:\siriusxm\data\workspaces\playing\AtmelLibrary\Debug\libAtmelLibrary.a(Timer.o)
_Z10fillPixelshhhh                                ./main.o
_Z10hashStringPKc                                 C:\siriusxm\data\workspaces\playing\AtmelLibrary\Debug\libAtmelLibrary.a(utilities.o)
_Z10sendPixelsP13NeoPixelColorj                   ./NeoPixels.o
                                                  ./NeoPixelTheaterChase.o
                                                  ./NeoPixelCandle.o
_Z11flashPixelshhhhhj                             ./main.o
_Z12RandomOffsetj                                 ./NeoPixels.o
_Z12theaterChasehhhh                              ./NeoPixels.o
_Z13TwinkleStrandjR13NeoPixelColorS0_17NeoPixelColorModeh ./NeoPixels.o
_Z14checkSignatureb                               ./main.o
_Z17TwinkleStrandDualjR13NeoPixelColorS0_h        ./NeoPixels.o
_Z17delayMicrosecondsj                            C:\siriusxm\data\workspaces\playing\AtmelLibrary\Debug\libAtmelLibrary.a(Timer.o)
_Z19TwinkleStrandRandomjh                         ./NeoPixels.o
_Z19TwinkleStrandSinglejR13NeoPixelColorh         ./NeoPixels.o
_Z4showv                                          ./NeoPixels.o
_Z5Wheelh                                         ./NeoPixels.o
_Z5delaym                                         C:\siriusxm\data\workspaces\playing\AtmelLibrary\Debug\libAtmelLibrary.a(Timer.o)
                                                  ./main.o
                                                  ./OffChipMqtt.o
                                                  ./NeoPixels.o
_Z6microsv                                        C:\siriusxm\data\workspaces\playing\AtmelLibrary\Debug\libAtmelLibrary.a(Timer.o)
_Z6millisv                                        C:\siriusxm\data\workspaces\playing\AtmelLibrary\Debug\libAtmelLibrary.a(Timer.o)
                                                  ./main.o
                                                  ./OffChipMqtt.o
                                                  ./NeoPixels.o
_Z8detonatehhhj                                   ./NeoPixels.o
_Z8ledsetupv                                      ./NeoPixels.o
_Z8memcpy_EPvPKvj                                 C:\siriusxm\data\workspaces\playing\AtmelLibrary\Debug\libAtmelLibrary.a(utilities.o)
_Z8strcat_EPcPKc                                  C:\siriusxm\data\workspaces\playing\AtmelLibrary\Debug\libAtmelLibrary.a(utilities.o)
_Z8strcpy_EPcPKc                                  C:\siriusxm\data\workspaces\playing\AtmelLibrary\Debug\libAtmelLibrary.a(utilities.o)
_Z8strlen_EPKc                                    C:\siriusxm\data\workspaces\playing\AtmelLibrary\Debug\libAtmelLibrary.a(utilities.o)
                                                  C:\siriusxm\data\workspaces\playing\AtmelLibrary\Debug\libAtmelLibrary.a(Serial.o)
_Z9PixelTesth                                     ./main.o
_Z9colorWipehhhh                                  ./NeoPixels.o
_Z9initTimerv                                     C:\siriusxm\data\workspaces\playing\AtmelLibrary\Debug\libAtmelLibrary.a(Timer.o)
                                                  ./main.o
_Z9sendPixelR13NeoPixelColor                      ./NeoPixels.o
_Z9sendPixelhhh                                   ./NeoPixels.o
                                                  ./main.o
_Z9showColorhhh                                   ./NeoPixels.o
_ZN13NeoPixelColor13m_color_orderE                ./NeoPixels.o
                                                  ./OffChipMqtt.o
_ZN13NeoPixelColor6getRedEv                       ./NeoPixels.o
_ZN13NeoPixelColor6setRedEh                       ./NeoPixels.o
_ZN13NeoPixelColor7getBlueEv                      ./NeoPixels.o
_ZN13NeoPixelColor7setBlueEh                      ./NeoPixels.o
_ZN13NeoPixelColor8getGreenEv                     ./NeoPixels.o
_ZN13NeoPixelColor8setGreenEh                     ./NeoPixels.o
_ZN13NeoPixelColorC1ERKS_                         ./NeoPixels.o
_ZN13NeoPixelColorC1Ehhh                          ./NeoPixels.o
                                                  ./OffChipMqtt.o
                                                  ./NeoPixelTheaterChase.o
                                                  ./NeoPixelConfig.o
_ZN13NeoPixelColorC1Ev                            ./NeoPixels.o
                                                  ./NeoPixelConfig.o
_ZN13NeoPixelColorC2ERKS_                         ./NeoPixels.o
_ZN13NeoPixelColorC2Ehhh                          ./NeoPixels.o
_ZN13NeoPixelColorC2Ev                            ./NeoPixels.o
_ZN13NeoPixelColoraSERKS_                         ./NeoPixels.o
                                                  ./OffChipMqtt.o
                                                  ./NeoPixelTheaterChase.o
                                                  ./NeoPixelConfig.o
                                                  ./NeoPixelCandle.o
_ZN13NeoPixelColormlEh                            ./NeoPixels.o
                                                  ./NeoPixelTheaterChase.o
                                                  ./NeoPixelCandle.o
_ZN6MyMqtt11CheckUpdateEv                         ./OffChipMqtt.o
                                                  ./main.o
_ZN6MyMqtt5beginEv                                ./OffChipMqtt.o
                                                  ./main.o
_ZN6MyMqtt7OnTopicEPcS0_                          ./OffChipMqtt.o
_ZN6MyMqtt9MqttTasksEv                            ./OffChipMqtt.o
                                                  ./main.o
_ZN6MyMqtt9Publish_PEPKcPc                        ./OffChipMqtt.o
_ZN6MyMqtt9SetBufferEPcj                          ./OffChipMqtt.o
                                                  ./main.o
_ZN6MyMqttC1Ev                                    ./OffChipMqtt.o
                                                  ./main.o
_ZN6MyMqttC2Ev                                    ./OffChipMqtt.o
_ZN6Stream10sendData_EEPKhjb                      C:\siriusxm\data\workspaces\playing\AtmelLibrary\Debug\libAtmelLibrary.a(Serial.o)
_ZN6Stream10sendData_PEPKhjb                      C:\siriusxm\data\workspaces\playing\AtmelLibrary\Debug\libAtmelLibrary.a(Serial.o)
_ZN6Stream7sendStrEPKcb                           C:\siriusxm\data\workspaces\playing\AtmelLibrary\Debug\libAtmelLibrary.a(Serial.o)
                                                  ./OffChipMqtt.o
_ZN6Stream8sendDataEPKhjb                         C:\siriusxm\data\workspaces\playing\AtmelLibrary\Debug\libAtmelLibrary.a(Serial.o)
_ZN6Stream9sendStr_EEPKcb                         C:\siriusxm\data\workspaces\playing\AtmelLibrary\Debug\libAtmelLibrary.a(Serial.o)
_ZN6Stream9sendStr_PEPKcb                         C:\siriusxm\data\workspaces\playing\AtmelLibrary\Debug\libAtmelLibrary.a(Serial.o)
                                                  ./OffChipMqtt.o
_ZN6StreamC1Ev                                    C:\siriusxm\data\workspaces\playing\AtmelLibrary\Debug\libAtmelLibrary.a(Serial.o)
_ZN6StreamC2Ev                                    C:\siriusxm\data\workspaces\playing\AtmelLibrary\Debug\libAtmelLibrary.a(Serial.o)
_ZN9HWSerial13getEv                               C:\siriusxm\data\workspaces\playing\AtmelLibrary\Debug\libAtmelLibrary.a(Serial.o)
                                                  ./OffChipMqtt.o
_ZN9HWSerial14stopEv                              C:\siriusxm\data\workspaces\playing\AtmelLibrary\Debug\libAtmelLibrary.a(Serial.o)
_ZN9HWSerial15beginEm                             C:\siriusxm\data\workspaces\playing\AtmelLibrary\Debug\libAtmelLibrary.a(Serial.o)
                                                  ./OffChipMqtt.o
_ZN9HWSerial16gettxcEv                            C:\siriusxm\data\workspaces\playing\AtmelLibrary\Debug\libAtmelLibrary.a(Serial.o)
_ZN9HWSerial16putrxcEc                            C:\siriusxm\data\workspaces\playing\AtmelLibrary\Debug\libAtmelLibrary.a(Serial.o)
_ZN9HWSerial17PutCharEcb                          C:\siriusxm\data\workspaces\playing\AtmelLibrary\Debug\libAtmelLibrary.a(Serial.o)
_ZN9HWSerial1C1Ev                                 C:\siriusxm\data\workspaces\playing\AtmelLibrary\Debug\libAtmelLibrary.a(Serial.o)
_ZN9HWSerial1C2Ev                                 C:\siriusxm\data\workspaces\playing\AtmelLibrary\Debug\libAtmelLibrary.a(Serial.o)
_ZN9NeoConfigC1Ev                                 ./NeoPixelConfig.o
                                                  ./OffChipMqtt.o
                                                  ./NeoPixels.o
_ZN9NeoConfigC2Ev                                 ./NeoPixelConfig.o
_ZN9NeoPixels10fillPixelsE13NeoPixelColor         ./NeoPixels.o
_ZN9NeoPixels10initCandleEv                       ./NeoPixelCandle.o
                                                  ./NeoPixels.o
_ZN9NeoPixels11initRainbowEv                      ./NeoPixels.o
_ZN9NeoPixels11initTwinkleEv                      ./NeoPixels.o
_ZN9NeoPixels12CandleEffectEv                     ./NeoPixelCandle.o
                                                  ./NeoPixels.o
_ZN9NeoPixels13GetPixelStateEj                    ./NeoPixels.o
_ZN9NeoPixels13RainbowEffectEv                    ./NeoPixels.o
_ZN9NeoPixels13SetPixelStateEj13NeoPixelState     ./NeoPixels.o
_ZN9NeoPixels16StartRandomPixelEj                 ./NeoPixels.o
_ZN9NeoPixels16initTheaterChaseEv                 ./NeoPixelTheaterChase.o
                                                  ./NeoPixels.o
_ZN9NeoPixels18TheaterChaseEffectEv               ./NeoPixelTheaterChase.o
                                                  ./NeoPixels.o
_ZN9NeoPixels19TwinkleSingleEffectEv              ./NeoPixels.o
_ZN9NeoPixels4TaskEv                              ./NeoPixels.o
                                                  ./main.o
_ZN9NeoPixels4initEv                              ./NeoPixels.o
_ZN9NeoPixels5beginEv                             ./NeoPixels.o
                                                  ./main.o
_ZN9NeoPixels6UpdateEv                            ./NeoPixels.o
_ZN9NeoPixels9SetConfigER9NeoConfig               ./NeoPixels.o
                                                  ./OffChipMqtt.o
_ZN9NeoPixelsC1Ej                                 ./NeoPixels.o
                                                  ./main.o
_ZN9NeoPixelsC2Ej                                 ./NeoPixels.o
_ZTV6Stream                                       C:\siriusxm\data\workspaces\playing\AtmelLibrary\Debug\libAtmelLibrary.a(Serial.o)
_ZTV9HWSerial1                                    C:\siriusxm\data\workspaces\playing\AtmelLibrary\Debug\libAtmelLibrary.a(Serial.o)
__bad_interrupt                                   c:/winavr-20100110/bin/../lib/gcc/avr/4.9.2/../../../../avr/lib/avr35/crtatmega32u2.o
__bss_end                                         c:/winavr-20100110/bin/../lib/gcc/avr/4.9.2/avr35\libgcc.a(_clear_bss.o)
__bss_start                                       c:/winavr-20100110/bin/../lib/gcc/avr/4.9.2/avr35\libgcc.a(_clear_bss.o)
__ctors_end                                       c:/winavr-20100110/bin/../lib/gcc/avr/4.9.2/avr35\libgcc.a(_ctors.o)
__ctors_start                                     c:/winavr-20100110/bin/../lib/gcc/avr/4.9.2/avr35\libgcc.a(_ctors.o)
__ctype_isfalse                                   c:/winavr-20100110/bin/../lib/gcc/avr/4.9.2/../../../../avr/lib/avr35\libc.a(cty_isfalse.o)
                                                  c:/winavr-20100110/bin/../lib/gcc/avr/4.9.2/../../../../avr/lib/avr35\libc.a(isspace.o)
                                                  c:/winavr-20100110/bin/../lib/gcc/avr/4.9.2/../../../../avr/lib/avr35\libc.a(isprint.o)
__ctype_istrue                                    c:/winavr-20100110/bin/../lib/gcc/avr/4.9.2/../../../../avr/lib/avr35\libc.a(cty_isfalse.o)
__cxa_pure_virtual                                C:\siriusxm\data\workspaces\playing\AtmelLibrary\Debug\libAtmelLibrary.a(Serial.o)
__data_end                                        c:/winavr-20100110/bin/../lib/gcc/avr/4.9.2/avr35\libgcc.a(_copy_data.o)
__data_load_start                                 c:/winavr-20100110/bin/../lib/gcc/avr/4.9.2/avr35\libgcc.a(_copy_data.o)
__data_start                                      c:/winavr-20100110/bin/../lib/gcc/avr/4.9.2/avr35\libgcc.a(_copy_data.o)
__divmodhi4                                       c:/winavr-20100110/bin/../lib/gcc/avr/4.9.2/avr35\libgcc.a(_divmodhi4.o)
                                                  ./NeoPixels.o
                                                  ./NeoPixelTheaterChase.o
__divmodsi4                                       c:/winavr-20100110/bin/../lib/gcc/avr/4.9.2/avr35\libgcc.a(_divmodsi4.o)
                                                  c:/winavr-20100110/bin/../lib/gcc/avr/4.9.2/../../../../avr/lib/avr35\libc.a(random.o)
                                                  ./NeoPixels.o
__do_clear_bss                                    c:/winavr-20100110/bin/../lib/gcc/avr/4.9.2/avr35\libgcc.a(_clear_bss.o)
                                                  C:\siriusxm\data\workspaces\playing\AtmelLibrary\Debug\libAtmelLibrary.a(Timer.o)
                                                  C:\siriusxm\data\workspaces\playing\AtmelLibrary\Debug\libAtmelLibrary.a(Serial.o)
                                                  ./main.o
                                                  ./NeoPixels.o
__do_copy_data                                    c:/winavr-20100110/bin/../lib/gcc/avr/4.9.2/avr35\libgcc.a(_copy_data.o)
                                                  c:/winavr-20100110/bin/../lib/gcc/avr/4.9.2/../../../../avr/lib/avr35\libc.a(random.o)
                                                  C:\siriusxm\data\workspaces\playing\AtmelLibrary\Debug\libAtmelLibrary.a(StackChecker.o)
                                                  C:\siriusxm\data\workspaces\playing\AtmelLibrary\Debug\libAtmelLibrary.a(Serial.o)
                                                  ./NeoPixels.o
__do_global_ctors                                 c:/winavr-20100110/bin/../lib/gcc/avr/4.9.2/avr35\libgcc.a(_ctors.o)
                                                  C:\siriusxm\data\workspaces\playing\AtmelLibrary\Debug\libAtmelLibrary.a(Serial.o)
                                                  ./main.o
__epilogue_restores__                             c:/winavr-20100110/bin/../lib/gcc/avr/4.9.2/avr35\libgcc.a(_epilogue.o)
                                                  c:/winavr-20100110/bin/../lib/gcc/avr/4.9.2/../../../../avr/lib/avr35\libc.a(random.o)
                                                  c:/winavr-20100110/bin/../lib/gcc/avr/4.9.2/avr35\libgcc.a(_mulsidi3.o)
__heap_end                                        c:/winavr-20100110/bin/../lib/gcc/avr/4.9.2/../../../../avr/lib/avr35/crtatmega32u2.o
__init                                            c:/winavr-20100110/bin/../lib/gcc/avr/4.9.2/../../../../avr/lib/avr35/crtatmega32u2.o
__muldi3                                          c:/winavr-20100110/bin/../lib/gcc/avr/4.9.2/avr35\libgcc.a(_muldi3.o)
                                                  c:/winavr-20100110/bin/../lib/gcc/avr/4.9.2/avr35\libgcc.a(_mulsidi3.o)
__mulhi3                                          c:/winavr-20100110/bin/../lib/gcc/avr/4.9.2/avr35\libgcc.a(_mulhi3.o)
                                                  ./NeoPixels.o
__mulhi_const_10                                  c:/winavr-20100110/bin/../lib/gcc/avr/4.9.2/../../../../avr/lib/avr35\libc.a(mul10.o)
                                                  c:/winavr-20100110/bin/../lib/gcc/avr/4.9.2/../../../../avr/lib/avr35\libc.a(atoi.o)
__mulsidi3                                        c:/winavr-20100110/bin/../lib/gcc/avr/4.9.2/avr35\libgcc.a(_mulsidi3.o)
                                                  c:/winavr-20100110/bin/../lib/gcc/avr/4.9.2/../../../../avr/lib/avr35\libc.a(random.o)
__negsi2                                          c:/winavr-20100110/bin/../lib/gcc/avr/4.9.2/avr35\libgcc.a(_negsi2.o)
                                                  c:/winavr-20100110/bin/../lib/gcc/avr/4.9.2/avr35\libgcc.a(_divmodsi4.o)
__prologue_saves__                                c:/winavr-20100110/bin/../lib/gcc/avr/4.9.2/avr35\libgcc.a(_prologue.o)
                                                  c:/winavr-20100110/bin/../lib/gcc/avr/4.9.2/../../../../avr/lib/avr35\libc.a(random.o)
                                                  c:/winavr-20100110/bin/../lib/gcc/avr/4.9.2/avr35\libgcc.a(_mulsidi3.o)
__stack                                           c:/winavr-20100110/bin/../lib/gcc/avr/4.9.2/../../../../avr/lib/avr35/crtatmega32u2.o
__strlen_P                                        c:/winavr-20100110/bin/../lib/gcc/avr/4.9.2/../../../../avr/lib/avr35\libc.a(strlen_P.o)
                                                  C:\siriusxm\data\workspaces\playing\AtmelLibrary\Debug\libAtmelLibrary.a(Serial.o)
__tablejump2__                                    c:/winavr-20100110/bin/../lib/gcc/avr/4.9.2/avr35\libgcc.a(_tablejump2.o)
                                                  c:/winavr-20100110/bin/../lib/gcc/avr/4.9.2/avr35\libgcc.a(_ctors.o)
__udivmodhi4                                      c:/winavr-20100110/bin/../lib/gcc/avr/4.9.2/avr35\libgcc.a(_udivmodhi4.o)
                                                  c:/winavr-20100110/bin/../lib/gcc/avr/4.9.2/avr35\libgcc.a(_divmodhi4.o)
                                                  ./NeoPixels.o
                                                  ./NeoPixelTheaterChase.o
__udivmodsi4                                      c:/winavr-20100110/bin/../lib/gcc/avr/4.9.2/avr35\libgcc.a(_udivmodsi4.o)
                                                  c:/winavr-20100110/bin/../lib/gcc/avr/4.9.2/avr35\libgcc.a(_divmodsi4.o)
                                                  C:\siriusxm\data\workspaces\playing\AtmelLibrary\Debug\libAtmelLibrary.a(Serial.o)
                                                  ./NeoPixels.o
__umulsidi3                                       c:/winavr-20100110/bin/../lib/gcc/avr/4.9.2/avr35\libgcc.a(_mulsidi3.o)
                                                  ./NeoPixels.o
__vector_1                                        c:/winavr-20100110/bin/../lib/gcc/avr/4.9.2/../../../../avr/lib/avr35/crtatmega32u2.o
__vector_10                                       c:/winavr-20100110/bin/../lib/gcc/avr/4.9.2/../../../../avr/lib/avr35/crtatmega32u2.o
__vector_11                                       c:/winavr-20100110/bin/../lib/gcc/avr/4.9.2/../../../../avr/lib/avr35/crtatmega32u2.o
__vector_12                                       c:/winavr-20100110/bin/../lib/gcc/avr/4.9.2/../../../../avr/lib/avr35/crtatmega32u2.o
__vector_13                                       c:/winavr-20100110/bin/../lib/gcc/avr/4.9.2/../../../../avr/lib/avr35/crtatmega32u2.o
__vector_14                                       c:/winavr-20100110/bin/../lib/gcc/avr/4.9.2/../../../../avr/lib/avr35/crtatmega32u2.o
__vector_15                                       c:/winavr-20100110/bin/../lib/gcc/avr/4.9.2/../../../../avr/lib/avr35/crtatmega32u2.o
__vector_16                                       c:/winavr-20100110/bin/../lib/gcc/avr/4.9.2/../../../../avr/lib/avr35/crtatmega32u2.o
__vector_17                                       c:/winavr-20100110/bin/../lib/gcc/avr/4.9.2/../../../../avr/lib/avr35/crtatmega32u2.o
__vector_18                                       c:/winavr-20100110/bin/../lib/gcc/avr/4.9.2/../../../../avr/lib/avr35/crtatmega32u2.o
__vector_19                                       c:/winavr-20100110/bin/../lib/gcc/avr/4.9.2/../../../../avr/lib/avr35/crtatmega32u2.o
__vector_2                                        c:/winavr-20100110/bin/../lib/gcc/avr/4.9.2/../../../../avr/lib/avr35/crtatmega32u2.o
__vector_20                                       c:/winavr-20100110/bin/../lib/gcc/avr/4.9.2/../../../../avr/lib/avr35/crtatmega32u2.o
__vector_21                                       C:\siriusxm\data\workspaces\playing\AtmelLibrary\Debug\libAtmelLibrary.a(Timer.o)
                                                  c:/winavr-20100110/bin/../lib/gcc/avr/4.9.2/../../../../avr/lib/avr35/crtatmega32u2.o
__vector_22                                       c:/winavr-20100110/bin/../lib/gcc/avr/4.9.2/../../../../avr/lib/avr35/crtatmega32u2.o
__vector_23                                       C:\siriusxm\data\workspaces\playing\AtmelLibrary\Debug\libAtmelLibrary.a(Serial.o)
                                                  c:/winavr-20100110/bin/../lib/gcc/avr/4.9.2/../../../../avr/lib/avr35/crtatmega32u2.o
__vector_24                                       C:\siriusxm\data\workspaces\playing\AtmelLibrary\Debug\libAtmelLibrary.a(Serial.o)
                                                  c:/winavr-20100110/bin/../lib/gcc/avr/4.9.2/../../../../avr/lib/avr35/crtatmega32u2.o
__vector_25                                       c:/winavr-20100110/bin/../lib/gcc/avr/4.9.2/../../../../avr/lib/avr35/crtatmega32u2.o
__vector_26                                       c:/winavr-20100110/bin/../lib/gcc/avr/4.9.2/../../../../avr/lib/avr35/crtatmega32u2.o
__vector_27                                       c:/winavr-20100110/bin/../lib/gcc/avr/4.9.2/../../../../avr/lib/avr35/crtatmega32u2.o
__vector_28                                       c:/winavr-20100110/bin/../lib/gcc/avr/4.9.2/../../../../avr/lib/avr35/crtatmega32u2.o
__vector_3                                        c:/winavr-20100110/bin/../lib/gcc/avr/4.9.2/../../../../avr/lib/avr35/crtatmega32u2.o
__vector_4                                        c:/winavr-20100110/bin/../lib/gcc/avr/4.9.2/../../../../avr/lib/avr35/crtatmega32u2.o
__vector_5                                        c:/winavr-20100110/bin/../lib/gcc/avr/4.9.2/../../../../avr/lib/avr35/crtatmega32u2.o
__vector_6                                        c:/winavr-20100110/bin/../lib/gcc/avr/4.9.2/../../../../avr/lib/avr35/crtatmega32u2.o
__vector_7                                        c:/winavr-20100110/bin/../lib/gcc/avr/4.9.2/../../../../avr/lib/avr35/crtatmega32u2.o
__vector_8                                        c:/winavr-20100110/bin/../lib/gcc/avr/4.9.2/../../../../avr/lib/avr35/crtatmega32u2.o
__vector_9                                        c:/winavr-20100110/bin/../lib/gcc/avr/4.9.2/../../../../avr/lib/avr35/crtatmega32u2.o
__vector_default                                  c:/winavr-20100110/bin/../lib/gcc/avr/4.9.2/../../../../avr/lib/avr35/crtatmega32u2.o
__vectors                                         c:/winavr-20100110/bin/../lib/gcc/avr/4.9.2/../../../../avr/lib/avr35/crtatmega32u2.o
_div                                              c:/winavr-20100110/bin/../lib/gcc/avr/4.9.2/avr35\libgcc.a(_divmodhi4.o)
_exit                                             c:/winavr-20100110/bin/../lib/gcc/avr/4.9.2/avr35\libgcc.a(_exit.o)
atoi                                              c:/winavr-20100110/bin/../lib/gcc/avr/4.9.2/../../../../avr/lib/avr35\libc.a(atoi.o)
                                                  ./OffChipMqtt.o
eeprom_read_byte                                  c:/winavr-20100110/bin/../lib/gcc/avr/4.9.2/../../../../avr/lib/avr35\libatmega32u2.a(eerd_byte.o)
                                                  C:\siriusxm\data\workspaces\playing\AtmelLibrary\Debug\libAtmelLibrary.a(utilities.o)
                                                  C:\siriusxm\data\workspaces\playing\AtmelLibrary\Debug\libAtmelLibrary.a(Serial.o)
exit                                              c:/winavr-20100110/bin/../lib/gcc/avr/4.9.2/avr35\libgcc.a(_exit.o)
                                                  c:/winavr-20100110/bin/../lib/gcc/avr/4.9.2/../../../../avr/lib/avr35/crtatmega32u2.o
isgraph                                           c:/winavr-20100110/bin/../lib/gcc/avr/4.9.2/../../../../avr/lib/avr35\libc.a(isprint.o)
isprint                                           c:/winavr-20100110/bin/../lib/gcc/avr/4.9.2/../../../../avr/lib/avr35\libc.a(isprint.o)
                                                  ./OffChipMqtt.o
isspace                                           c:/winavr-20100110/bin/../lib/gcc/avr/4.9.2/../../../../avr/lib/avr35\libc.a(isspace.o)
                                                  ./OffChipMqtt.o
main                                              ./main.o
                                                  c:/winavr-20100110/bin/../lib/gcc/avr/4.9.2/../../../../avr/lib/avr35/crtatmega32u2.o
memcpy                                            c:/winavr-20100110/bin/../lib/gcc/avr/4.9.2/../../../../avr/lib/avr35\libc.a(memcpy.o)
                                                  ./OffChipMqtt.o
memset                                            c:/winavr-20100110/bin/../lib/gcc/avr/4.9.2/../../../../avr/lib/avr35\libc.a(memset.o)
                                                  C:\siriusxm\data\workspaces\playing\AtmelLibrary\Debug\libAtmelLibrary.a(utilities.o)
                                                  ./OffChipMqtt.o
                                                  ./NeoPixels.o
mqttsock                                          ./main.o
neo                                               ./main.o
                                                  ./OffChipMqtt.o
random                                            c:/winavr-20100110/bin/../lib/gcc/avr/4.9.2/../../../../avr/lib/avr35\libc.a(random.o)
                                                  ./NeoPixels.o
                                                  ./NeoPixelCandle.o
random_r                                          c:/winavr-20100110/bin/../lib/gcc/avr/4.9.2/../../../../avr/lib/avr35\libc.a(random.o)
srandom                                           c:/winavr-20100110/bin/../lib/gcc/avr/4.9.2/../../../../avr/lib/avr35\libc.a(random.o)
start                                             ./main.o
strchr                                            c:/winavr-20100110/bin/../lib/gcc/avr/4.9.2/../../../../avr/lib/avr35\libc.a(strchr.o)
                                                  ./OffChipMqtt.o
strcmp_P                                          c:/winavr-20100110/bin/../lib/gcc/avr/4.9.2/../../../../avr/lib/avr35\libc.a(strcmp_P.o)
                                                  ./OffChipMqtt.o
strstr_P                                          c:/winavr-20100110/bin/../lib/gcc/avr/4.9.2/../../../../avr/lib/avr35\libc.a(strstr_P.o)
                                                  ./OffChipMqtt.o
timer0_millis                                     C:\siriusxm\data\workspaces\playing\AtmelLibrary\Debug\libAtmelLibrary.a(Timer.o)
timer0_overflow_count                             C:\siriusxm\data\workspaces\playing\AtmelLibrary\Debug\libAtmelLibrary.a(Timer.o)
